===== BTC-USD 2026-08-22 (multi-partition, trade_time-defined day) =====
Source partitions required and present: ['2026-08-21', '2026-08-22', '2026-08-23']
Pass 1: counting in-range target-instrument rows across all 3 partitions...
  Pass 1 [2026-08-21]: 3000/13015 files scanned
  Pass 1 [2026-08-21]: 6000/13015 files scanned
  Pass 1 [2026-08-21]: 9000/13015 files scanned
  Pass 1 [2026-08-21]: 12000/13015 files scanned
  Pass 1 [2026-08-21] complete: target_instrument_rows=1660857, in_range_rows=0
  Pass 1 [2026-08-22]: 3000/13308 files scanned
  Pass 1 [2026-08-22]: 6000/13308 files scanned
  Pass 1 [2026-08-22]: 9000/13308 files scanned
  Pass 1 [2026-08-22]: 12000/13308 files scanned
  Pass 1 [2026-08-22] complete: target_instrument_rows=1910150, in_range_rows=1910149
  Pass 1 [2026-08-23]: 3000/10637 files scanned
  Pass 1 [2026-08-23]: 6000/10637 files scanned
  Pass 1 [2026-08-23]: 9000/10637 files scanned
  Pass 1 [2026-08-23] complete: target_instrument_rows=1524170, in_range_rows=1
Pass 1 complete: total in-range N=1910150
  [RSS checkpoint: after_pass1_counting] 137.3 MiB (high-water mark)
Pass 2: preallocating arrays and loading across all 3 partitions...
  [RSS checkpoint: after_preallocation (virtual reservation; see docstring)] 137.3 MiB (high-water mark)
  Pass 2 [2026-08-21] complete, running offset=0
  Pass 2 [2026-08-22]: 3000/13308 files processed, offset=433047
  Pass 2 [2026-08-22]: 6000/13308 files processed, offset=867729
  Pass 2 [2026-08-22]: 9000/13308 files processed, offset=1294166
  Pass 2 [2026-08-22]: 12000/13308 files processed, offset=1723082
  Pass 2 [2026-08-22] complete, running offset=1910149
  Pass 2 [2026-08-23] complete, running offset=1910150
Pass 2 complete: loaded 1910150 rows
  [RSS checkpoint: after_loading] 198.9 MiB (high-water mark)
Validating day integrity (finite/positive values, UTC in-range invariant)...
Integrity validation passed.
Sorting by (trade_time, trade_id)...
  [RSS checkpoint: before_sort] 198.9 MiB (high-water mark)
  [RSS checkpoint: after_order_created] 214.9 MiB (high-water mark)
  [RSS checkpoint: after_sorted_arrays] 222.1 MiB (high-water mark)
Sort validated.
Running kernel (compute_screen)...
Kernel complete: 95507 sampled observations
  [RSS checkpoint: after_compute_screen] 236.8 MiB (high-water mark)
Summarizing per-horizon comparative deciles...
  Horizon 5s: n=95496 imbalance_D9-D0_bp=0.28401421502893764 momentum_D9-D0_bp=0.5614333990953427
  Horizon 15s: n=95496 imbalance_D9-D0_bp=0.1081140903546422 momentum_D9-D0_bp=1.3619721735683414
  Horizon 30s: n=95496 imbalance_D9-D0_bp=0.18343711681781294 momentum_D9-D0_bp=2.0855109883983074
  Horizon 60s: n=95496 imbalance_D9-D0_bp=-0.08468764510578589 momentum_D9-D0_bp=2.542879054318141
  [RSS checkpoint: after_summarization] 236.8 MiB (high-water mark)

COMPLETE (558.5s). Result written to /tmp/screen_results/BTC-USD_2026-08-22.json
	Command being timed: "/mnt/lrs001/liquid-research-l0l4/venv/bin/python3 -m L1_CORE.market_data_platform.research.run_trade_flow_vs_momentum_screen --instrument BTC-USD --date 2026-08-22 --output-dir /tmp/screen_results"
	User time (seconds): 581.57
	System time (seconds): 55.58
	Percent of CPU this job got: 113%
	Elapsed (wall clock) time (h:mm:ss or m:ss): 9:20.44
	Average shared text size (kbytes): 0
	Average unshared data size (kbytes): 0
	Average stack size (kbytes): 0
	Average total size (kbytes): 0
	Maximum resident set size (kbytes): 242520
	Average resident set size (kbytes): 0
	Major (requiring I/O) page faults: 4
	Minor (reclaiming a frame) page faults: 93924
	Voluntary context switches: 657251
	Involuntary context switches: 7765
	Swaps: 0
	File system inputs: 1984736
	File system outputs: 0
	Socket messages sent: 0
	Socket messages received: 0
	Signals delivered: 0
	Page size (bytes): 4096
	Exit status: 0
