===== BTC-USD 2026-08-18 (multi-partition, trade_time-defined day) =====
Source partitions required and present: ['2026-08-17', '2026-08-18', '2026-08-19']
Pass 1: counting in-range target-instrument rows across all 3 partitions...
  Pass 1 [2026-08-17]: 3000/8851 files scanned
  Pass 1 [2026-08-17]: 6000/8851 files scanned
  Pass 1 [2026-08-17] complete: target_instrument_rows=725644, in_range_rows=0
  Pass 1 [2026-08-18]: 3000/8954 files scanned
  Pass 1 [2026-08-18]: 6000/8954 files scanned
  Pass 1 [2026-08-18] complete: target_instrument_rows=753146, in_range_rows=753127
  Pass 1 [2026-08-19]: 3000/11119 files scanned
  Pass 1 [2026-08-19]: 6000/11119 files scanned
  Pass 1 [2026-08-19]: 9000/11119 files scanned
  Pass 1 [2026-08-19] complete: target_instrument_rows=1076730, in_range_rows=0
Pass 1 complete: total in-range N=753127
  [RSS checkpoint: after_pass1_counting] 130.2 MiB (high-water mark)
Pass 2: preallocating arrays and loading across all 3 partitions...
  [RSS checkpoint: after_preallocation (virtual reservation; see docstring)] 130.2 MiB (high-water mark)
  Pass 2 [2026-08-17] complete, running offset=0
  Pass 2 [2026-08-18]: 3000/8954 files processed, offset=252146
  Pass 2 [2026-08-18]: 6000/8954 files processed, offset=502820
  Pass 2 [2026-08-18] complete, running offset=753127
  Pass 2 [2026-08-19] complete, running offset=753127
Pass 2 complete: loaded 753127 rows
  [RSS checkpoint: after_loading] 155.7 MiB (high-water mark)
Validating day integrity (finite/positive values, UTC in-range invariant)...
Integrity validation passed.
Sorting by (trade_time, trade_id)...
  [RSS checkpoint: before_sort] 155.7 MiB (high-water mark)
  [RSS checkpoint: after_order_created] 160.1 MiB (high-water mark)
  [RSS checkpoint: after_sorted_arrays] 162.9 MiB (high-water mark)
Sort validated.
Running kernel (compute_screen)...
Kernel complete: 37656 sampled observations
  [RSS checkpoint: after_compute_screen] 168.8 MiB (high-water mark)
Summarizing per-horizon comparative deciles...
  Horizon 5s: n=37614 imbalance_D9-D0_bp=0.6207423218054005 momentum_D9-D0_bp=0.21343600366536483
  Horizon 15s: n=37651 imbalance_D9-D0_bp=0.7452161607271511 momentum_D9-D0_bp=0.46158092785494587
  Horizon 30s: n=37651 imbalance_D9-D0_bp=0.685241444512102 momentum_D9-D0_bp=0.9877018117392736
  Horizon 60s: n=37651 imbalance_D9-D0_bp=0.4586872168211384 momentum_D9-D0_bp=1.0555670522131988
  [RSS checkpoint: after_summarization] 168.9 MiB (high-water mark)

COMPLETE (401.7s). Result written to /tmp/screen_results/BTC-USD_2026-08-18.json
	Command being timed: "/mnt/lrs001/liquid-research-l0l4/venv/bin/python3 -m L1_CORE.market_data_platform.research.run_trade_flow_vs_momentum_screen --instrument BTC-USD --date 2026-08-18 --output-dir /tmp/screen_results"
	User time (seconds): 440.08
	System time (seconds): 40.71
	Percent of CPU this job got: 119%
	Elapsed (wall clock) time (h:mm:ss or m:ss): 6:43.53
	Average shared text size (kbytes): 0
	Average unshared data size (kbytes): 0
	Average stack size (kbytes): 0
	Average total size (kbytes): 0
	Maximum resident set size (kbytes): 173056
	Average resident set size (kbytes): 0
	Major (requiring I/O) page faults: 26
	Minor (reclaiming a frame) page faults: 50266
	Voluntary context switches: 502354
	Involuntary context switches: 1787
	Swaps: 0
	File system inputs: 815752
	File system outputs: 0
	Socket messages sent: 0
	Socket messages received: 0
	Signals delivered: 0
	Page size (bytes): 4096
	Exit status: 0
