===== ETH-USD 2026-08-18 (multi-partition, trade_time-defined day) =====
Source partitions required and present: ['2026-08-17', '2026-08-18', '2026-08-19']
Pass 1: counting in-range target-instrument rows across all 3 partitions...
  Pass 1 [2026-08-17]: 3000/8851 files scanned
  Pass 1 [2026-08-17]: 6000/8851 files scanned
  Pass 1 [2026-08-17] complete: target_instrument_rows=199305, in_range_rows=0
  Pass 1 [2026-08-18]: 3000/8954 files scanned
  Pass 1 [2026-08-18]: 6000/8954 files scanned
  Pass 1 [2026-08-18] complete: target_instrument_rows=191173, in_range_rows=191173
  Pass 1 [2026-08-19]: 3000/11119 files scanned
  Pass 1 [2026-08-19]: 6000/11119 files scanned
  Pass 1 [2026-08-19]: 9000/11119 files scanned
  Pass 1 [2026-08-19] complete: target_instrument_rows=563625, in_range_rows=0
Pass 1 complete: total in-range N=191173
  [RSS checkpoint: after_pass1_counting] 130.3 MiB (high-water mark)
Pass 2: preallocating arrays and loading across all 3 partitions...
  [RSS checkpoint: after_preallocation (virtual reservation; see docstring)] 130.3 MiB (high-water mark)
  Pass 2 [2026-08-17] complete, running offset=0
  Pass 2 [2026-08-18]: 3000/8954 files processed, offset=64164
  Pass 2 [2026-08-18]: 6000/8954 files processed, offset=127537
  Pass 2 [2026-08-18] complete, running offset=191173
  Pass 2 [2026-08-19] complete, running offset=191173
Pass 2 complete: loaded 191173 rows
  [RSS checkpoint: after_loading] 137.9 MiB (high-water mark)
Validating day integrity (finite/positive values, UTC in-range invariant)...
Integrity validation passed.
Sorting by (trade_time, trade_id)...
  [RSS checkpoint: before_sort] 137.9 MiB (high-water mark)
  [RSS checkpoint: after_order_created] 137.9 MiB (high-water mark)
  [RSS checkpoint: after_sorted_arrays] 137.9 MiB (high-water mark)
Sort validated.
Running kernel (compute_screen)...
Kernel complete: 9558 sampled observations
  [RSS checkpoint: after_compute_screen] 137.9 MiB (high-water mark)
Summarizing per-horizon comparative deciles...
  Horizon 5s: n=9271 imbalance_D9-D0_bp=0.6846852900559353 momentum_D9-D0_bp=-0.05039313729984346
  Horizon 15s: n=9552 imbalance_D9-D0_bp=0.7203881410192275 momentum_D9-D0_bp=-0.4392313271605617
  Horizon 30s: n=9555 imbalance_D9-D0_bp=0.6220443351028645 momentum_D9-D0_bp=-0.5432161332703592
  Horizon 60s: n=9555 imbalance_D9-D0_bp=0.633174181805216 momentum_D9-D0_bp=-0.6246737468090924
  [RSS checkpoint: after_summarization] 137.9 MiB (high-water mark)

COMPLETE (373.3s). Result written to /tmp/screen_results/ETH-USD_2026-08-18.json
	Command being timed: "/mnt/lrs001/liquid-research-l0l4/venv/bin/python3 -m L1_CORE.market_data_platform.research.run_trade_flow_vs_momentum_screen --instrument ETH-USD --date 2026-08-18 --output-dir /tmp/screen_results"
	User time (seconds): 430.96
	System time (seconds): 34.20
	Percent of CPU this job got: 124%
	Elapsed (wall clock) time (h:mm:ss or m:ss): 6:15.07
	Average shared text size (kbytes): 0
	Average unshared data size (kbytes): 0
	Average stack size (kbytes): 0
	Average total size (kbytes): 0
	Maximum resident set size (kbytes): 141256
	Average resident set size (kbytes): 0
	Major (requiring I/O) page faults: 0
	Minor (reclaiming a frame) page faults: 29612
	Voluntary context switches: 478925
	Involuntary context switches: 1913
	Swaps: 0
	File system inputs: 406776
	File system outputs: 0
	Socket messages sent: 0
	Socket messages received: 0
	Signals delivered: 0
	Page size (bytes): 4096
	Exit status: 0
