===== BTC-USD 2026-07-25 (multi-partition, trade_time-defined day) =====
Source partitions required and present: ['2026-07-24', '2026-07-25', '2026-07-26']
Pass 1: counting in-range target-instrument rows across all 3 partitions...
  Pass 1 [2026-07-24]: 3000/8880 files scanned
  Pass 1 [2026-07-24]: 6000/8880 files scanned
  Pass 1 [2026-07-24] complete: target_instrument_rows=665209, in_range_rows=0
  Pass 1 [2026-07-25]: 3000/7769 files scanned
  Pass 1 [2026-07-25]: 6000/7769 files scanned
  Pass 1 [2026-07-25] complete: target_instrument_rows=278752, in_range_rows=278751
  Pass 1 [2026-07-26]: 3000/8171 files scanned
  Pass 1 [2026-07-26]: 6000/8171 files scanned
  Pass 1 [2026-07-26] complete: target_instrument_rows=277781, in_range_rows=0
Pass 1 complete: total in-range N=278751
  [RSS checkpoint: after_pass1_counting] 126.7 MiB (high-water mark)
Pass 2: preallocating arrays and loading across all 3 partitions...
  [RSS checkpoint: after_preallocation (virtual reservation; see docstring)] 126.7 MiB (high-water mark)
  Pass 2 [2026-07-24] complete, running offset=0
  Pass 2 [2026-07-25]: 3000/7769 files processed, offset=106630
  Pass 2 [2026-07-25]: 6000/7769 files processed, offset=214338
  Pass 2 [2026-07-25] complete, running offset=278751
  Pass 2 [2026-07-26] complete, running offset=278751
Pass 2 complete: loaded 278751 rows
  [RSS checkpoint: after_loading] 137.1 MiB (high-water mark)
Validating day integrity (finite/positive values, UTC in-range invariant)...
Integrity validation passed.
Sorting by (trade_time, trade_id)...
  [RSS checkpoint: before_sort] 137.1 MiB (high-water mark)
  [RSS checkpoint: after_order_created] 138.8 MiB (high-water mark)
  [RSS checkpoint: after_sorted_arrays] 140.0 MiB (high-water mark)
Sort validated.
Running kernel (compute_screen)...
Kernel complete: 13937 sampled observations
  [RSS checkpoint: after_compute_screen] 141.7 MiB (high-water mark)
Summarizing per-horizon comparative deciles...
  Horizon 5s: n=13914 imbalance_D9-D0_bp=0.3909158880475698 momentum_D9-D0_bp=0.2376809041880201
  Horizon 15s: n=13933 imbalance_D9-D0_bp=0.45718886077305876 momentum_D9-D0_bp=0.18076530814315417
  Horizon 30s: n=13934 imbalance_D9-D0_bp=0.47306917766627193 momentum_D9-D0_bp=0.24870049505764127
  Horizon 60s: n=13934 imbalance_D9-D0_bp=0.5016164538394282 momentum_D9-D0_bp=0.42732400666452974
  [RSS checkpoint: after_summarization] 141.7 MiB (high-water mark)

COMPLETE (307.6s). Result written to /tmp/expanded_screen_results/BTC-USD_2026-07-25.json
	Command being timed: "/mnt/lrs001/liquid-research-l0l4/venv/bin/python3 -m L1_CORE.market_data_platform.research.run_trade_flow_vs_momentum_screen --instrument BTC-USD --date 2026-07-25 --output-dir /tmp/expanded_screen_results"
	User time (seconds): 366.16
	System time (seconds): 25.70
	Percent of CPU this job got: 126%
	Elapsed (wall clock) time (h:mm:ss or m:ss): 5:09.45
	Average shared text size (kbytes): 0
	Average unshared data size (kbytes): 0
	Average stack size (kbytes): 0
	Average total size (kbytes): 0
	Maximum resident set size (kbytes): 145088
	Average resident set size (kbytes): 0
	Major (requiring I/O) page faults: 1
	Minor (reclaiming a frame) page faults: 31167
	Voluntary context switches: 389817
	Involuntary context switches: 2046
	Swaps: 0
	File system inputs: 85568
	File system outputs: 0
	Socket messages sent: 0
	Socket messages received: 0
	Signals delivered: 0
	Page size (bytes): 4096
	Exit status: 0
