===== BTC-USD 2026-08-08 (multi-partition, trade_time-defined day) =====
Source partitions required and present: ['2026-08-07', '2026-08-08', '2026-08-09']
Pass 1: counting in-range target-instrument rows across all 3 partitions...
  Pass 1 [2026-08-07]: 3000/8495 files scanned
  Pass 1 [2026-08-07]: 6000/8495 files scanned
  Pass 1 [2026-08-07] complete: target_instrument_rows=440562, in_range_rows=0
  Pass 1 [2026-08-08]: 3000/8068 files scanned
  Pass 1 [2026-08-08]: 6000/8068 files scanned
  Pass 1 [2026-08-08] complete: target_instrument_rows=177673, in_range_rows=177672
  Pass 1 [2026-08-09]: 3000/8099 files scanned
  Pass 1 [2026-08-09]: 6000/8099 files scanned
  Pass 1 [2026-08-09] complete: target_instrument_rows=191708, in_range_rows=0
Pass 1 complete: total in-range N=177672
  [RSS checkpoint: after_pass1_counting] 126.8 MiB (high-water mark)
Pass 2: preallocating arrays and loading across all 3 partitions...
  [RSS checkpoint: after_preallocation (virtual reservation; see docstring)] 126.8 MiB (high-water mark)
  Pass 2 [2026-08-07] complete, running offset=0
  Pass 2 [2026-08-08]: 3000/8068 files processed, offset=64893
  Pass 2 [2026-08-08]: 6000/8068 files processed, offset=131649
  Pass 2 [2026-08-08] complete, running offset=177672
  Pass 2 [2026-08-09] complete, running offset=177672
Pass 2 complete: loaded 177672 rows
  [RSS checkpoint: after_loading] 133.7 MiB (high-water mark)
Validating day integrity (finite/positive values, UTC in-range invariant)...
Integrity validation passed.
Sorting by (trade_time, trade_id)...
  [RSS checkpoint: before_sort] 133.7 MiB (high-water mark)
  [RSS checkpoint: after_order_created] 133.7 MiB (high-water mark)
  [RSS checkpoint: after_sorted_arrays] 133.7 MiB (high-water mark)
Sort validated.
Running kernel (compute_screen)...
Kernel complete: 8883 sampled observations
  [RSS checkpoint: after_compute_screen] 134.2 MiB (high-water mark)
Summarizing per-horizon comparative deciles...
  Horizon 5s: n=8842 imbalance_D9-D0_bp=0.3086051567503696 momentum_D9-D0_bp=0.28154775864416354
  Horizon 15s: n=8877 imbalance_D9-D0_bp=0.4717282989570243 momentum_D9-D0_bp=0.3979285974175428
  Horizon 30s: n=8877 imbalance_D9-D0_bp=0.5240939271060941 momentum_D9-D0_bp=0.36645729398403276
  Horizon 60s: n=8877 imbalance_D9-D0_bp=0.48513852501018917 momentum_D9-D0_bp=0.20152723860634844
  [RSS checkpoint: after_summarization] 134.2 MiB (high-water mark)

COMPLETE (331.4s). Result written to /tmp/expanded_screen_results/BTC-USD_2026-08-08.json
	Command being timed: "/mnt/lrs001/liquid-research-l0l4/venv/bin/python3 -m L1_CORE.market_data_platform.research.run_trade_flow_vs_momentum_screen --instrument BTC-USD --date 2026-08-08 --output-dir /tmp/expanded_screen_results"
	User time (seconds): 366.91
	System time (seconds): 33.96
	Percent of CPU this job got: 120%
	Elapsed (wall clock) time (h:mm:ss or m:ss): 5:33.21
	Average shared text size (kbytes): 0
	Average unshared data size (kbytes): 0
	Average stack size (kbytes): 0
	Average total size (kbytes): 0
	Maximum resident set size (kbytes): 137408
	Average resident set size (kbytes): 0
	Major (requiring I/O) page faults: 0
	Minor (reclaiming a frame) page faults: 26962
	Voluntary context switches: 429332
	Involuntary context switches: 1425
	Swaps: 0
	File system inputs: 489144
	File system outputs: 0
	Socket messages sent: 0
	Socket messages received: 0
	Signals delivered: 0
	Page size (bytes): 4096
	Exit status: 0
