===== BTC-USD 2026-07-29 (multi-partition, trade_time-defined day) =====
Source partitions required and present: ['2026-07-28', '2026-07-29', '2026-07-30']
Pass 1: counting in-range target-instrument rows across all 3 partitions...
  Pass 1 [2026-07-28]: 3000/8582 files scanned
  Pass 1 [2026-07-28]: 6000/8582 files scanned
  Pass 1 [2026-07-28] complete: target_instrument_rows=548326, in_range_rows=0
  Pass 1 [2026-07-29]: 3000/8601 files scanned
  Pass 1 [2026-07-29]: 6000/8601 files scanned
  Pass 1 [2026-07-29] complete: target_instrument_rows=598854, in_range_rows=598853
  Pass 1 [2026-07-30]: 3000/8471 files scanned
  Pass 1 [2026-07-30]: 6000/8471 files scanned
  Pass 1 [2026-07-30] complete: target_instrument_rows=462389, in_range_rows=2
Pass 1 complete: total in-range N=598855
  [RSS checkpoint: after_pass1_counting] 127.8 MiB (high-water mark)
Pass 2: preallocating arrays and loading across all 3 partitions...
  [RSS checkpoint: after_preallocation (virtual reservation; see docstring)] 127.8 MiB (high-water mark)
  Pass 2 [2026-07-28] complete, running offset=0
  Pass 2 [2026-07-29]: 3000/8601 files processed, offset=209514
  Pass 2 [2026-07-29]: 6000/8601 files processed, offset=420697
  Pass 2 [2026-07-29] complete, running offset=598853
  Pass 2 [2026-07-30] complete, running offset=598855
Pass 2 complete: loaded 598855 rows
  [RSS checkpoint: after_loading] 148.2 MiB (high-water mark)
Validating day integrity (finite/positive values, UTC in-range invariant)...
Integrity validation passed.
Sorting by (trade_time, trade_id)...
  [RSS checkpoint: before_sort] 148.2 MiB (high-water mark)
  [RSS checkpoint: after_order_created] 154.2 MiB (high-water mark)
  [RSS checkpoint: after_sorted_arrays] 156.5 MiB (high-water mark)
Sort validated.
Running kernel (compute_screen)...
Kernel complete: 29942 sampled observations
  [RSS checkpoint: after_compute_screen] 161.2 MiB (high-water mark)
Summarizing per-horizon comparative deciles...
  Horizon 5s: n=29930 imbalance_D9-D0_bp=0.6990452726628532 momentum_D9-D0_bp=0.3619489733439294
  Horizon 15s: n=29936 imbalance_D9-D0_bp=0.769773882122092 momentum_D9-D0_bp=0.04841463759322651
  Horizon 30s: n=29936 imbalance_D9-D0_bp=0.9307679420399615 momentum_D9-D0_bp=-0.6386069544156576
  Horizon 60s: n=29936 imbalance_D9-D0_bp=0.9256093989950197 momentum_D9-D0_bp=-0.535554716616418
  [RSS checkpoint: after_summarization] 161.2 MiB (high-water mark)

COMPLETE (323.6s). Result written to /tmp/expanded_screen_results/BTC-USD_2026-07-29.json
	Command being timed: "/mnt/lrs001/liquid-research-l0l4/venv/bin/python3 -m L1_CORE.market_data_platform.research.run_trade_flow_vs_momentum_screen --instrument BTC-USD --date 2026-07-29 --output-dir /tmp/expanded_screen_results"
	User time (seconds): 384.35
	System time (seconds): 26.28
	Percent of CPU this job got: 126%
	Elapsed (wall clock) time (h:mm:ss or m:ss): 5:25.43
	Average shared text size (kbytes): 0
	Average unshared data size (kbytes): 0
	Average stack size (kbytes): 0
	Average total size (kbytes): 0
	Maximum resident set size (kbytes): 165076
	Average resident set size (kbytes): 0
	Major (requiring I/O) page faults: 0
	Minor (reclaiming a frame) page faults: 43127
	Voluntary context switches: 402756
	Involuntary context switches: 1892
	Swaps: 0
	File system inputs: 106904
	File system outputs: 0
	Socket messages sent: 0
	Socket messages received: 0
	Signals delivered: 0
	Page size (bytes): 4096
	Exit status: 0
