===== BTC-USD 2026-08-30 (multi-partition, trade_time-defined day) =====
Source partitions required and present: ['2026-08-29', '2026-08-30', '2026-08-31']
Pass 1: counting in-range target-instrument rows across all 3 partitions...
  Pass 1 [2026-08-29]: 3000/8433 files scanned
  Pass 1 [2026-08-29]: 6000/8433 files scanned
  Pass 1 [2026-08-29] complete: target_instrument_rows=330088, in_range_rows=0
  Pass 1 [2026-08-30]: 3000/8437 files scanned
  Pass 1 [2026-08-30]: 6000/8437 files scanned
  Pass 1 [2026-08-30] complete: target_instrument_rows=352302, in_range_rows=352302
  Pass 1 [2026-08-31] complete: target_instrument_rows=97712, in_range_rows=0
Pass 1 complete: total in-range N=352302
  [RSS checkpoint: after_pass1_counting] 126.7 MiB (high-water mark)
Pass 2: preallocating arrays and loading across all 3 partitions...
  [RSS checkpoint: after_preallocation (virtual reservation; see docstring)] 126.7 MiB (high-water mark)
  Pass 2 [2026-08-29] complete, running offset=0
  Pass 2 [2026-08-30]: 3000/8437 files processed, offset=125281
  Pass 2 [2026-08-30]: 6000/8437 files processed, offset=249030
  Pass 2 [2026-08-30] complete, running offset=352302
  Pass 2 [2026-08-31] complete, running offset=352302
Pass 2 complete: loaded 352302 rows
  [RSS checkpoint: after_loading] 139.5 MiB (high-water mark)
Validating day integrity (finite/positive values, UTC in-range invariant)...
Integrity validation passed.
Sorting by (trade_time, trade_id)...
  [RSS checkpoint: before_sort] 139.5 MiB (high-water mark)
  [RSS checkpoint: after_order_created] 141.8 MiB (high-water mark)
  [RSS checkpoint: after_sorted_arrays] 143.1 MiB (high-water mark)
Sort validated.
Running kernel (compute_screen)...
Kernel complete: 17615 sampled observations
  [RSS checkpoint: after_compute_screen] 146.0 MiB (high-water mark)
Summarizing per-horizon comparative deciles...
  Horizon 5s: n=17574 imbalance_D9-D0_bp=0.6233593795816449 momentum_D9-D0_bp=0.027446454207255676
  Horizon 15s: n=17611 imbalance_D9-D0_bp=0.6275730266649061 momentum_D9-D0_bp=-0.515308733956889
  Horizon 30s: n=17611 imbalance_D9-D0_bp=0.5643858308502723 momentum_D9-D0_bp=-0.24321905815909034
  Horizon 60s: n=17611 imbalance_D9-D0_bp=0.4018178910417013 momentum_D9-D0_bp=0.310829045966397
  [RSS checkpoint: after_summarization] 146.0 MiB (high-water mark)

COMPLETE (235.3s). Result written to /tmp/expanded_screen_results/BTC-USD_2026-08-30.json
	Command being timed: "/mnt/lrs001/liquid-research-l0l4/venv/bin/python3 -m L1_CORE.market_data_platform.research.run_trade_flow_vs_momentum_screen --instrument BTC-USD --date 2026-08-30 --output-dir /tmp/expanded_screen_results"
	User time (seconds): 282.02
	System time (seconds): 18.77
	Percent of CPU this job got: 126%
	Elapsed (wall clock) time (h:mm:ss or m:ss): 3:57.08
	Average shared text size (kbytes): 0
	Average unshared data size (kbytes): 0
	Average stack size (kbytes): 0
	Average total size (kbytes): 0
	Maximum resident set size (kbytes): 149512
	Average resident set size (kbytes): 0
	Major (requiring I/O) page faults: 0
	Minor (reclaiming a frame) page faults: 33827
	Voluntary context switches: 291857
	Involuntary context switches: 1561
	Swaps: 0
	File system inputs: 24000
	File system outputs: 0
	Socket messages sent: 0
	Socket messages received: 0
	Signals delivered: 0
	Page size (bytes): 4096
	Exit status: 0
