===== BTC-USD 2026-08-28 (multi-partition, trade_time-defined day) =====
Source partitions required and present: ['2026-08-27', '2026-08-28', '2026-08-29']
Pass 1: counting in-range target-instrument rows across all 3 partitions...
  Pass 1 [2026-08-27]: 3000/8791 files scanned
  Pass 1 [2026-08-27]: 6000/8791 files scanned
  Pass 1 [2026-08-27] complete: target_instrument_rows=598738, in_range_rows=0
  Pass 1 [2026-08-28]: 3000/9169 files scanned
  Pass 1 [2026-08-28]: 6000/9169 files scanned
  Pass 1 [2026-08-28]: 9000/9169 files scanned
  Pass 1 [2026-08-28] complete: target_instrument_rows=678382, in_range_rows=678382
  Pass 1 [2026-08-29]: 3000/8433 files scanned
  Pass 1 [2026-08-29]: 6000/8433 files scanned
  Pass 1 [2026-08-29] complete: target_instrument_rows=330088, in_range_rows=0
Pass 1 complete: total in-range N=678382
  [RSS checkpoint: after_pass1_counting] 128.8 MiB (high-water mark)
Pass 2: preallocating arrays and loading across all 3 partitions...
  [RSS checkpoint: after_preallocation (virtual reservation; see docstring)] 128.8 MiB (high-water mark)
  Pass 2 [2026-08-27] complete, running offset=0
  Pass 2 [2026-08-28]: 3000/9169 files processed, offset=222880
  Pass 2 [2026-08-28]: 6000/9169 files processed, offset=443373
  Pass 2 [2026-08-28]: 9000/9169 files processed, offset=665915
  Pass 2 [2026-08-28] complete, running offset=678382
  Pass 2 [2026-08-29] complete, running offset=678382
Pass 2 complete: loaded 678382 rows
  [RSS checkpoint: after_loading] 151.9 MiB (high-water mark)
Validating day integrity (finite/positive values, UTC in-range invariant)...
Integrity validation passed.
Sorting by (trade_time, trade_id)...
  [RSS checkpoint: before_sort] 151.9 MiB (high-water mark)
  [RSS checkpoint: after_order_created] 156.4 MiB (high-water mark)
  [RSS checkpoint: after_sorted_arrays] 159.0 MiB (high-water mark)
Sort validated.
Running kernel (compute_screen)...
Kernel complete: 33919 sampled observations
  [RSS checkpoint: after_compute_screen] 164.3 MiB (high-water mark)
Summarizing per-horizon comparative deciles...
  Horizon 5s: n=33916 imbalance_D9-D0_bp=0.7918789773422887 momentum_D9-D0_bp=0.7027124240028371
  Horizon 15s: n=33917 imbalance_D9-D0_bp=0.8124853302682493 momentum_D9-D0_bp=0.7530293789150466
  Horizon 30s: n=33917 imbalance_D9-D0_bp=0.7136427763603831 momentum_D9-D0_bp=0.5712958902225281
  Horizon 60s: n=33917 imbalance_D9-D0_bp=0.631629955895636 momentum_D9-D0_bp=1.4434874667979178
  [RSS checkpoint: after_summarization] 164.3 MiB (high-water mark)

COMPLETE (343.9s). Result written to /tmp/expanded_screen_results/BTC-USD_2026-08-28.json
	Command being timed: "/mnt/lrs001/liquid-research-l0l4/venv/bin/python3 -m L1_CORE.market_data_platform.research.run_trade_flow_vs_momentum_screen --instrument BTC-USD --date 2026-08-28 --output-dir /tmp/expanded_screen_results"
	User time (seconds): 398.59
	System time (seconds): 29.67
	Percent of CPU this job got: 123%
	Elapsed (wall clock) time (h:mm:ss or m:ss): 5:45.72
	Average shared text size (kbytes): 0
	Average unshared data size (kbytes): 0
	Average stack size (kbytes): 0
	Average total size (kbytes): 0
	Maximum resident set size (kbytes): 168256
	Average resident set size (kbytes): 0
	Major (requiring I/O) page faults: 0
	Minor (reclaiming a frame) page faults: 46519
	Voluntary context switches: 427207
	Involuntary context switches: 1832
	Swaps: 0
	File system inputs: 215736
	File system outputs: 0
	Socket messages sent: 0
	Socket messages received: 0
	Signals delivered: 0
	Page size (bytes): 4096
	Exit status: 0
