===== BTC-USD 2026-07-22 (multi-partition, trade_time-defined day) =====
Source partitions required and present: ['2026-07-21', '2026-07-22', '2026-07-23']
Pass 1: counting in-range target-instrument rows across all 3 partitions...
  Pass 1 [2026-07-21]: 3000/7254 files scanned
  Pass 1 [2026-07-21]: 6000/7254 files scanned
  Pass 1 [2026-07-21] complete: target_instrument_rows=487414, in_range_rows=0
  Pass 1 [2026-07-22]: 3000/8848 files scanned
  Pass 1 [2026-07-22]: 6000/8848 files scanned
  Pass 1 [2026-07-22] complete: target_instrument_rows=660545, in_range_rows=660544
  Pass 1 [2026-07-23]: 3000/9137 files scanned
  Pass 1 [2026-07-23]: 6000/9137 files scanned
  Pass 1 [2026-07-23]: 9000/9137 files scanned
  Pass 1 [2026-07-23] complete: target_instrument_rows=593415, in_range_rows=2
Pass 1 complete: total in-range N=660546
  [RSS checkpoint: after_pass1_counting] 127.6 MiB (high-water mark)
Pass 2: preallocating arrays and loading across all 3 partitions...
  [RSS checkpoint: after_preallocation (virtual reservation; see docstring)] 127.6 MiB (high-water mark)
  Pass 2 [2026-07-21] complete, running offset=0
  Pass 2 [2026-07-22]: 3000/8848 files processed, offset=229757
  Pass 2 [2026-07-22]: 6000/8848 files processed, offset=451157
  Pass 2 [2026-07-22] complete, running offset=660544
  Pass 2 [2026-07-23] complete, running offset=660546
Pass 2 complete: loaded 660546 rows
  [RSS checkpoint: after_loading] 150.3 MiB (high-water mark)
Validating day integrity (finite/positive values, UTC in-range invariant)...
Integrity validation passed.
Sorting by (trade_time, trade_id)...
  [RSS checkpoint: before_sort] 150.3 MiB (high-water mark)
  [RSS checkpoint: after_order_created] 155.2 MiB (high-water mark)
  [RSS checkpoint: after_sorted_arrays] 157.7 MiB (high-water mark)
Sort validated.
Running kernel (compute_screen)...
Kernel complete: 33027 sampled observations
  [RSS checkpoint: after_compute_screen] 162.8 MiB (high-water mark)
Summarizing per-horizon comparative deciles...
  Horizon 5s: n=33018 imbalance_D9-D0_bp=0.6210068285262399 momentum_D9-D0_bp=0.13355355132993446
  Horizon 15s: n=33019 imbalance_D9-D0_bp=0.539719430624251 momentum_D9-D0_bp=-0.13232420823834445
  Horizon 30s: n=33019 imbalance_D9-D0_bp=0.5910893949149995 momentum_D9-D0_bp=-0.27247312284589426
  Horizon 60s: n=33019 imbalance_D9-D0_bp=0.5987801837807746 momentum_D9-D0_bp=0.03803638615745439
  [RSS checkpoint: after_summarization] 162.8 MiB (high-water mark)

COMPLETE (339.7s). Result written to /tmp/expanded_screen_results/BTC-USD_2026-07-22.json
	Command being timed: "/mnt/lrs001/liquid-research-l0l4/venv/bin/python3 -m L1_CORE.market_data_platform.research.run_trade_flow_vs_momentum_screen --instrument BTC-USD --date 2026-07-22 --output-dir /tmp/expanded_screen_results"
	User time (seconds): 384.48
	System time (seconds): 32.26
	Percent of CPU this job got: 121%
	Elapsed (wall clock) time (h:mm:ss or m:ss): 5:42.05
	Average shared text size (kbytes): 0
	Average unshared data size (kbytes): 0
	Average stack size (kbytes): 0
	Average total size (kbytes): 0
	Maximum resident set size (kbytes): 166828
	Average resident set size (kbytes): 0
	Major (requiring I/O) page faults: 180
	Minor (reclaiming a frame) page faults: 45178
	Voluntary context switches: 418324
	Involuntary context switches: 1839
	Swaps: 0
	File system inputs: 446744
	File system outputs: 0
	Socket messages sent: 0
	Socket messages received: 0
	Signals delivered: 0
	Page size (bytes): 4096
	Exit status: 0
