===== BTC-USD 2026-08-05 (multi-partition, trade_time-defined day) =====
Source partitions required and present: ['2026-08-04', '2026-08-05', '2026-08-06']
Pass 1: counting in-range target-instrument rows across all 3 partitions...
  Pass 1 [2026-08-04]: 3000/8795 files scanned
  Pass 1 [2026-08-04]: 6000/8795 files scanned
  Pass 1 [2026-08-04] complete: target_instrument_rows=593830, in_range_rows=0
  Pass 1 [2026-08-05]: 3000/8516 files scanned
  Pass 1 [2026-08-05]: 6000/8516 files scanned
  Pass 1 [2026-08-05] complete: target_instrument_rows=485868, in_range_rows=485868
  Pass 1 [2026-08-06]: 3000/8313 files scanned
  Pass 1 [2026-08-06]: 6000/8313 files scanned
  Pass 1 [2026-08-06] complete: target_instrument_rows=363294, in_range_rows=1
Pass 1 complete: total in-range N=485869
  [RSS checkpoint: after_pass1_counting] 127.7 MiB (high-water mark)
Pass 2: preallocating arrays and loading across all 3 partitions...
  [RSS checkpoint: after_preallocation (virtual reservation; see docstring)] 127.7 MiB (high-water mark)
  Pass 2 [2026-08-04] complete, running offset=0
  Pass 2 [2026-08-05]: 3000/8516 files processed, offset=168725
  Pass 2 [2026-08-05]: 6000/8516 files processed, offset=341217
  Pass 2 [2026-08-05] complete, running offset=485868
  Pass 2 [2026-08-06] complete, running offset=485869
Pass 2 complete: loaded 485869 rows
  [RSS checkpoint: after_loading] 144.5 MiB (high-water mark)
Validating day integrity (finite/positive values, UTC in-range invariant)...
Integrity validation passed.
Sorting by (trade_time, trade_id)...
  [RSS checkpoint: before_sort] 144.5 MiB (high-water mark)
  [RSS checkpoint: after_order_created] 146.4 MiB (high-water mark)
  [RSS checkpoint: after_sorted_arrays] 148.3 MiB (high-water mark)
Sort validated.
Running kernel (compute_screen)...
Kernel complete: 24293 sampled observations
  [RSS checkpoint: after_compute_screen] 152.2 MiB (high-water mark)
Summarizing per-horizon comparative deciles...
  Horizon 5s: n=24268 imbalance_D9-D0_bp=0.47231558213388936 momentum_D9-D0_bp=0.053600083265918134
  Horizon 15s: n=24287 imbalance_D9-D0_bp=0.5357513969962999 momentum_D9-D0_bp=0.2676241780847081
  Horizon 30s: n=24287 imbalance_D9-D0_bp=0.7171847469250302 momentum_D9-D0_bp=0.19678689610560077
  Horizon 60s: n=24287 imbalance_D9-D0_bp=0.6556875302834057 momentum_D9-D0_bp=0.0599094788332843
  [RSS checkpoint: after_summarization] 152.2 MiB (high-water mark)

COMPLETE (328.3s). Result written to /tmp/expanded_screen_results/BTC-USD_2026-08-05.json
	Command being timed: "/mnt/lrs001/liquid-research-l0l4/venv/bin/python3 -m L1_CORE.market_data_platform.research.run_trade_flow_vs_momentum_screen --instrument BTC-USD --date 2026-08-05 --output-dir /tmp/expanded_screen_results"
	User time (seconds): 383.44
	System time (seconds): 27.86
	Percent of CPU this job got: 124%
	Elapsed (wall clock) time (h:mm:ss or m:ss): 5:30.11
	Average shared text size (kbytes): 0
	Average unshared data size (kbytes): 0
	Average stack size (kbytes): 0
	Average total size (kbytes): 0
	Maximum resident set size (kbytes): 155812
	Average resident set size (kbytes): 0
	Major (requiring I/O) page faults: 3
	Minor (reclaiming a frame) page faults: 39366
	Voluntary context switches: 413271
	Involuntary context switches: 1790
	Swaps: 0
	File system inputs: 216016
	File system outputs: 0
	Socket messages sent: 0
	Socket messages received: 0
	Signals delivered: 0
	Page size (bytes): 4096
	Exit status: 0
