===== BTC-USD 2026-08-01 (multi-partition, trade_time-defined day) =====
Source partitions required and present: ['2026-07-31', '2026-08-01', '2026-08-02']
Pass 1: counting in-range target-instrument rows across all 3 partitions...
  Pass 1 [2026-07-31]: 3000/8772 files scanned
  Pass 1 [2026-07-31]: 6000/8772 files scanned
  Pass 1 [2026-07-31] complete: target_instrument_rows=491640, in_range_rows=0
  Pass 1 [2026-08-01]: 3000/8263 files scanned
  Pass 1 [2026-08-01]: 6000/8263 files scanned
  Pass 1 [2026-08-01] complete: target_instrument_rows=354399, in_range_rows=354397
  Pass 1 [2026-08-02]: 3000/8162 files scanned
  Pass 1 [2026-08-02]: 6000/8162 files scanned
  Pass 1 [2026-08-02] complete: target_instrument_rows=272511, in_range_rows=0
Pass 1 complete: total in-range N=354397
  [RSS checkpoint: after_pass1_counting] 127.6 MiB (high-water mark)
Pass 2: preallocating arrays and loading across all 3 partitions...
  [RSS checkpoint: after_preallocation (virtual reservation; see docstring)] 127.6 MiB (high-water mark)
  Pass 2 [2026-07-31] complete, running offset=0
  Pass 2 [2026-08-01]: 3000/8263 files processed, offset=128971
  Pass 2 [2026-08-01]: 6000/8263 files processed, offset=259378
  Pass 2 [2026-08-01] complete, running offset=354397
  Pass 2 [2026-08-02] complete, running offset=354397
Pass 2 complete: loaded 354397 rows
  [RSS checkpoint: after_loading] 140.4 MiB (high-water mark)
Validating day integrity (finite/positive values, UTC in-range invariant)...
Integrity validation passed.
Sorting by (trade_time, trade_id)...
  [RSS checkpoint: before_sort] 140.4 MiB (high-water mark)
  [RSS checkpoint: after_order_created] 140.6 MiB (high-water mark)
  [RSS checkpoint: after_sorted_arrays] 142.0 MiB (high-water mark)
Sort validated.
Running kernel (compute_screen)...
Kernel complete: 17719 sampled observations
  [RSS checkpoint: after_compute_screen] 144.8 MiB (high-water mark)
Summarizing per-horizon comparative deciles...
  Horizon 5s: n=17659 imbalance_D9-D0_bp=0.5164484087401168 momentum_D9-D0_bp=0.4912371305447611
  Horizon 15s: n=17716 imbalance_D9-D0_bp=0.5601067895787298 momentum_D9-D0_bp=0.3724951990258915
  Horizon 30s: n=17716 imbalance_D9-D0_bp=0.5423846976849377 momentum_D9-D0_bp=0.7600678733444627
  Horizon 60s: n=17716 imbalance_D9-D0_bp=0.4273728302244386 momentum_D9-D0_bp=0.5446035316619544
  [RSS checkpoint: after_summarization] 144.8 MiB (high-water mark)

COMPLETE (318.4s). Result written to /tmp/expanded_screen_results/BTC-USD_2026-08-01.json
	Command being timed: "/mnt/lrs001/liquid-research-l0l4/venv/bin/python3 -m L1_CORE.market_data_platform.research.run_trade_flow_vs_momentum_screen --instrument BTC-USD --date 2026-08-01 --output-dir /tmp/expanded_screen_results"
	User time (seconds): 373.79
	System time (seconds): 27.19
	Percent of CPU this job got: 124%
	Elapsed (wall clock) time (h:mm:ss or m:ss): 5:21.04
	Average shared text size (kbytes): 0
	Average unshared data size (kbytes): 0
	Average stack size (kbytes): 0
	Average total size (kbytes): 0
	Maximum resident set size (kbytes): 148304
	Average resident set size (kbytes): 0
	Major (requiring I/O) page faults: 134
	Minor (reclaiming a frame) page faults: 34105
	Voluntary context switches: 404400
	Involuntary context switches: 1761
	Swaps: 0
	File system inputs: 184856
	File system outputs: 0
	Socket messages sent: 0
	Socket messages received: 0
	Signals delivered: 0
	Page size (bytes): 4096
	Exit status: 0
