===== BTC-USD 2026-07-28 (multi-partition, trade_time-defined day) =====
Source partitions required and present: ['2026-07-27', '2026-07-28', '2026-07-29']
Pass 1: counting in-range target-instrument rows across all 3 partitions...
  Pass 1 [2026-07-27]: 3000/8627 files scanned
  Pass 1 [2026-07-27]: 6000/8627 files scanned
  Pass 1 [2026-07-27] complete: target_instrument_rows=570011, in_range_rows=0
  Pass 1 [2026-07-28]: 3000/8582 files scanned
  Pass 1 [2026-07-28]: 6000/8582 files scanned
  Pass 1 [2026-07-28] complete: target_instrument_rows=548326, in_range_rows=548325
  Pass 1 [2026-07-29]: 3000/8601 files scanned
  Pass 1 [2026-07-29]: 6000/8601 files scanned
  Pass 1 [2026-07-29] complete: target_instrument_rows=598854, in_range_rows=1
Pass 1 complete: total in-range N=548326
  [RSS checkpoint: after_pass1_counting] 128.0 MiB (high-water mark)
Pass 2: preallocating arrays and loading across all 3 partitions...
  [RSS checkpoint: after_preallocation (virtual reservation; see docstring)] 128.0 MiB (high-water mark)
  Pass 2 [2026-07-27] complete, running offset=0
  Pass 2 [2026-07-28]: 3000/8582 files processed, offset=190482
  Pass 2 [2026-07-28]: 6000/8582 files processed, offset=384696
  Pass 2 [2026-07-28] complete, running offset=548325
  Pass 2 [2026-07-29] complete, running offset=548326
Pass 2 complete: loaded 548326 rows
  [RSS checkpoint: after_loading] 146.4 MiB (high-water mark)
Validating day integrity (finite/positive values, UTC in-range invariant)...
Integrity validation passed.
Sorting by (trade_time, trade_id)...
  [RSS checkpoint: before_sort] 146.4 MiB (high-water mark)
  [RSS checkpoint: after_order_created] 150.7 MiB (high-water mark)
  [RSS checkpoint: after_sorted_arrays] 152.8 MiB (high-water mark)
Sort validated.
Running kernel (compute_screen)...
Kernel complete: 27416 sampled observations
  [RSS checkpoint: after_compute_screen] 157.2 MiB (high-water mark)
Summarizing per-horizon comparative deciles...
  Horizon 5s: n=27385 imbalance_D9-D0_bp=0.6888867676401765 momentum_D9-D0_bp=0.2823704745060823
  Horizon 15s: n=27408 imbalance_D9-D0_bp=0.7265866561599605 momentum_D9-D0_bp=0.14467877554474254
  Horizon 30s: n=27408 imbalance_D9-D0_bp=0.868108139103997 momentum_D9-D0_bp=0.20637485395877228
  Horizon 60s: n=27408 imbalance_D9-D0_bp=0.8680021174245207 momentum_D9-D0_bp=0.526418717288047
  [RSS checkpoint: after_summarization] 157.2 MiB (high-water mark)

COMPLETE (325.7s). Result written to /tmp/expanded_screen_results/BTC-USD_2026-07-28.json
	Command being timed: "/mnt/lrs001/liquid-research-l0l4/venv/bin/python3 -m L1_CORE.market_data_platform.research.run_trade_flow_vs_momentum_screen --instrument BTC-USD --date 2026-07-28 --output-dir /tmp/expanded_screen_results"
	User time (seconds): 387.41
	System time (seconds): 26.23
	Percent of CPU this job got: 126%
	Elapsed (wall clock) time (h:mm:ss or m:ss): 5:27.48
	Average shared text size (kbytes): 0
	Average unshared data size (kbytes): 0
	Average stack size (kbytes): 0
	Average total size (kbytes): 0
	Maximum resident set size (kbytes): 160932
	Average resident set size (kbytes): 0
	Major (requiring I/O) page faults: 2
	Minor (reclaiming a frame) page faults: 41670
	Voluntary context switches: 409261
	Involuntary context switches: 1870
	Swaps: 0
	File system inputs: 122864
	File system outputs: 0
	Socket messages sent: 0
	Socket messages received: 0
	Signals delivered: 0
	Page size (bytes): 4096
	Exit status: 0
