===== BTC-USD 2026-08-02 (multi-partition, trade_time-defined day) =====
Source partitions required and present: ['2026-08-01', '2026-08-02', '2026-08-03']
Pass 1: counting in-range target-instrument rows across all 3 partitions...
  Pass 1 [2026-08-01]: 3000/8263 files scanned
  Pass 1 [2026-08-01]: 6000/8263 files scanned
  Pass 1 [2026-08-01] complete: target_instrument_rows=354399, in_range_rows=0
  Pass 1 [2026-08-02]: 3000/8162 files scanned
  Pass 1 [2026-08-02]: 6000/8162 files scanned
  Pass 1 [2026-08-02] complete: target_instrument_rows=272511, in_range_rows=272511
  Pass 1 [2026-08-03]: 3000/8502 files scanned
  Pass 1 [2026-08-03]: 6000/8502 files scanned
  Pass 1 [2026-08-03] complete: target_instrument_rows=504608, in_range_rows=1
Pass 1 complete: total in-range N=272512
  [RSS checkpoint: after_pass1_counting] 126.7 MiB (high-water mark)
Pass 2: preallocating arrays and loading across all 3 partitions...
  [RSS checkpoint: after_preallocation (virtual reservation; see docstring)] 126.7 MiB (high-water mark)
  Pass 2 [2026-08-01] complete, running offset=0
  Pass 2 [2026-08-02]: 3000/8162 files processed, offset=99448
  Pass 2 [2026-08-02]: 6000/8162 files processed, offset=199624
  Pass 2 [2026-08-02] complete, running offset=272511
  Pass 2 [2026-08-03] complete, running offset=272512
Pass 2 complete: loaded 272512 rows
  [RSS checkpoint: after_loading] 136.7 MiB (high-water mark)
Validating day integrity (finite/positive values, UTC in-range invariant)...
Integrity validation passed.
Sorting by (trade_time, trade_id)...
  [RSS checkpoint: before_sort] 136.7 MiB (high-water mark)
  [RSS checkpoint: after_order_created] 138.0 MiB (high-water mark)
  [RSS checkpoint: after_sorted_arrays] 139.0 MiB (high-water mark)
Sort validated.
Running kernel (compute_screen)...
Kernel complete: 13625 sampled observations
  [RSS checkpoint: after_compute_screen] 141.2 MiB (high-water mark)
Summarizing per-horizon comparative deciles...
  Horizon 5s: n=13564 imbalance_D9-D0_bp=0.5938543328659933 momentum_D9-D0_bp=0.8066634076054475
  Horizon 15s: n=13620 imbalance_D9-D0_bp=0.6844595301163405 momentum_D9-D0_bp=1.8761520911436296
  Horizon 30s: n=13620 imbalance_D9-D0_bp=0.6886732413287687 momentum_D9-D0_bp=2.237243880858315
  Horizon 60s: n=13620 imbalance_D9-D0_bp=0.7862209909705343 momentum_D9-D0_bp=2.994810328065416
  [RSS checkpoint: after_summarization] 141.2 MiB (high-water mark)

COMPLETE (308.9s). Result written to /tmp/expanded_screen_results/BTC-USD_2026-08-02.json
	Command being timed: "/mnt/lrs001/liquid-research-l0l4/venv/bin/python3 -m L1_CORE.market_data_platform.research.run_trade_flow_vs_momentum_screen --instrument BTC-USD --date 2026-08-02 --output-dir /tmp/expanded_screen_results"
	User time (seconds): 367.70
	System time (seconds): 25.37
	Percent of CPU this job got: 126%
	Elapsed (wall clock) time (h:mm:ss or m:ss): 5:10.75
	Average shared text size (kbytes): 0
	Average unshared data size (kbytes): 0
	Average stack size (kbytes): 0
	Average total size (kbytes): 0
	Maximum resident set size (kbytes): 144572
	Average resident set size (kbytes): 0
	Major (requiring I/O) page faults: 0
	Minor (reclaiming a frame) page faults: 30650
	Voluntary context switches: 390083
	Involuntary context switches: 2228
	Swaps: 0
	File system inputs: 107768
	File system outputs: 0
	Socket messages sent: 0
	Socket messages received: 0
	Signals delivered: 0
	Page size (bytes): 4096
	Exit status: 0
