===== BTC-USD 2026-08-04 (multi-partition, trade_time-defined day) =====
Source partitions required and present: ['2026-08-03', '2026-08-04', '2026-08-05']
Pass 1: counting in-range target-instrument rows across all 3 partitions...
  Pass 1 [2026-08-03]: 3000/8502 files scanned
  Pass 1 [2026-08-03]: 6000/8502 files scanned
  Pass 1 [2026-08-03] complete: target_instrument_rows=504608, in_range_rows=0
  Pass 1 [2026-08-04]: 3000/8795 files scanned
  Pass 1 [2026-08-04]: 6000/8795 files scanned
  Pass 1 [2026-08-04] complete: target_instrument_rows=593830, in_range_rows=593829
  Pass 1 [2026-08-05]: 3000/8516 files scanned
  Pass 1 [2026-08-05]: 6000/8516 files scanned
  Pass 1 [2026-08-05] complete: target_instrument_rows=485868, in_range_rows=0
Pass 1 complete: total in-range N=593829
  [RSS checkpoint: after_pass1_counting] 128.0 MiB (high-water mark)
Pass 2: preallocating arrays and loading across all 3 partitions...
  [RSS checkpoint: after_preallocation (virtual reservation; see docstring)] 128.0 MiB (high-water mark)
  Pass 2 [2026-08-03] complete, running offset=0
  Pass 2 [2026-08-04]: 3000/8795 files processed, offset=203000
  Pass 2 [2026-08-04]: 6000/8795 files processed, offset=406177
  Pass 2 [2026-08-04] complete, running offset=593829
  Pass 2 [2026-08-05] complete, running offset=593829
Pass 2 complete: loaded 593829 rows
  [RSS checkpoint: after_loading] 148.2 MiB (high-water mark)
Validating day integrity (finite/positive values, UTC in-range invariant)...
Integrity validation passed.
Sorting by (trade_time, trade_id)...
  [RSS checkpoint: before_sort] 148.2 MiB (high-water mark)
  [RSS checkpoint: after_order_created] 152.6 MiB (high-water mark)
  [RSS checkpoint: after_sorted_arrays] 154.8 MiB (high-water mark)
Sort validated.
Running kernel (compute_screen)...
Kernel complete: 29691 sampled observations
  [RSS checkpoint: after_compute_screen] 159.5 MiB (high-water mark)
Summarizing per-horizon comparative deciles...
  Horizon 5s: n=29650 imbalance_D9-D0_bp=0.5027001180640416 momentum_D9-D0_bp=0.19258502930599208
  Horizon 15s: n=29687 imbalance_D9-D0_bp=0.5677615573913364 momentum_D9-D0_bp=0.027892929547538938
  Horizon 30s: n=29687 imbalance_D9-D0_bp=0.5551973697005075 momentum_D9-D0_bp=-0.1652952632998253
  Horizon 60s: n=29687 imbalance_D9-D0_bp=0.47998799477945603 momentum_D9-D0_bp=-0.5284087658459901
  [RSS checkpoint: after_summarization] 159.5 MiB (high-water mark)

COMPLETE (330.9s). Result written to /tmp/expanded_screen_results/BTC-USD_2026-08-04.json
	Command being timed: "/mnt/lrs001/liquid-research-l0l4/venv/bin/python3 -m L1_CORE.market_data_platform.research.run_trade_flow_vs_momentum_screen --instrument BTC-USD --date 2026-08-04 --output-dir /tmp/expanded_screen_results"
	User time (seconds): 390.12
	System time (seconds): 27.99
	Percent of CPU this job got: 125%
	Elapsed (wall clock) time (h:mm:ss or m:ss): 5:33.34
	Average shared text size (kbytes): 0
	Average unshared data size (kbytes): 0
	Average stack size (kbytes): 0
	Average total size (kbytes): 0
	Maximum resident set size (kbytes): 163304
	Average resident set size (kbytes): 0
	Major (requiring I/O) page faults: 123
	Minor (reclaiming a frame) page faults: 42183
	Voluntary context switches: 413146
	Involuntary context switches: 2091
	Swaps: 0
	File system inputs: 171160
	File system outputs: 0
	Socket messages sent: 0
	Socket messages received: 0
	Signals delivered: 0
	Page size (bytes): 4096
	Exit status: 0
