===== BTC-USD 2026-08-03 (multi-partition, trade_time-defined day) =====
Source partitions required and present: ['2026-08-02', '2026-08-03', '2026-08-04']
Pass 1: counting in-range target-instrument rows across all 3 partitions...
  Pass 1 [2026-08-02]: 3000/8162 files scanned
  Pass 1 [2026-08-02]: 6000/8162 files scanned
  Pass 1 [2026-08-02] complete: target_instrument_rows=272511, in_range_rows=0
  Pass 1 [2026-08-03]: 3000/8502 files scanned
  Pass 1 [2026-08-03]: 6000/8502 files scanned
  Pass 1 [2026-08-03] complete: target_instrument_rows=504608, in_range_rows=504607
  Pass 1 [2026-08-04]: 3000/8795 files scanned
  Pass 1 [2026-08-04]: 6000/8795 files scanned
  Pass 1 [2026-08-04] complete: target_instrument_rows=593830, in_range_rows=1
Pass 1 complete: total in-range N=504608
  [RSS checkpoint: after_pass1_counting] 127.2 MiB (high-water mark)
Pass 2: preallocating arrays and loading across all 3 partitions...
  [RSS checkpoint: after_preallocation (virtual reservation; see docstring)] 127.2 MiB (high-water mark)
  Pass 2 [2026-08-02] complete, running offset=0
  Pass 2 [2026-08-03]: 3000/8502 files processed, offset=179478
  Pass 2 [2026-08-03]: 6000/8502 files processed, offset=356652
  Pass 2 [2026-08-03] complete, running offset=504607
  Pass 2 [2026-08-04] complete, running offset=504608
Pass 2 complete: loaded 504608 rows
  [RSS checkpoint: after_loading] 144.7 MiB (high-water mark)
Validating day integrity (finite/positive values, UTC in-range invariant)...
Integrity validation passed.
Sorting by (trade_time, trade_id)...
  [RSS checkpoint: before_sort] 144.7 MiB (high-water mark)
  [RSS checkpoint: after_order_created] 147.8 MiB (high-water mark)
  [RSS checkpoint: after_sorted_arrays] 149.7 MiB (high-water mark)
Sort validated.
Running kernel (compute_screen)...
Kernel complete: 25230 sampled observations
  [RSS checkpoint: after_compute_screen] 153.8 MiB (high-water mark)
Summarizing per-horizon comparative deciles...
  Horizon 5s: n=25180 imbalance_D9-D0_bp=0.6592402863386667 momentum_D9-D0_bp=0.27522845577274974
  Horizon 15s: n=25224 imbalance_D9-D0_bp=0.6432311023689568 momentum_D9-D0_bp=0.3229512820298554
  Horizon 30s: n=25224 imbalance_D9-D0_bp=0.7716547523516032 momentum_D9-D0_bp=0.9344464822815145
  Horizon 60s: n=25224 imbalance_D9-D0_bp=0.952494140137708 momentum_D9-D0_bp=1.2203881433744745
  [RSS checkpoint: after_summarization] 153.8 MiB (high-water mark)

COMPLETE (320.2s). Result written to /tmp/expanded_screen_results/BTC-USD_2026-08-03.json
	Command being timed: "/mnt/lrs001/liquid-research-l0l4/venv/bin/python3 -m L1_CORE.market_data_platform.research.run_trade_flow_vs_momentum_screen --instrument BTC-USD --date 2026-08-03 --output-dir /tmp/expanded_screen_results"
	User time (seconds): 379.76
	System time (seconds): 26.30
	Percent of CPU this job got: 126%
	Elapsed (wall clock) time (h:mm:ss or m:ss): 5:22.03
	Average shared text size (kbytes): 0
	Average unshared data size (kbytes): 0
	Average stack size (kbytes): 0
	Average total size (kbytes): 0
	Maximum resident set size (kbytes): 157460
	Average resident set size (kbytes): 0
	Major (requiring I/O) page faults: 0
	Minor (reclaiming a frame) page faults: 39745
	Voluntary context switches: 399496
	Involuntary context switches: 2184
	Swaps: 0
	File system inputs: 118432
	File system outputs: 0
	Socket messages sent: 0
	Socket messages received: 0
	Signals delivered: 0
	Page size (bytes): 4096
	Exit status: 0
