===== BTC-USD 2026-08-26 (multi-partition, trade_time-defined day) =====
Source partitions required and present: ['2026-08-25', '2026-08-26', '2026-08-27']
Pass 1: counting in-range target-instrument rows across all 3 partitions...
  Pass 1 [2026-08-25]: 3000/10864 files scanned
  Pass 1 [2026-08-25]: 6000/10864 files scanned
  Pass 1 [2026-08-25]: 9000/10864 files scanned
  Pass 1 [2026-08-25] complete: target_instrument_rows=1476398, in_range_rows=0
  Pass 1 [2026-08-26]: 3000/3483 files scanned
  Pass 1 [2026-08-26] complete: target_instrument_rows=404848, in_range_rows=404843
  Pass 1 [2026-08-27]: 3000/8791 files scanned
  Pass 1 [2026-08-27]: 6000/8791 files scanned
  Pass 1 [2026-08-27] complete: target_instrument_rows=598738, in_range_rows=162
Pass 1 complete: total in-range N=405005
  [RSS checkpoint: after_pass1_counting] 124.6 MiB (high-water mark)
Pass 2: preallocating arrays and loading across all 3 partitions...
  [RSS checkpoint: after_preallocation (virtual reservation; see docstring)] 124.6 MiB (high-water mark)
  Pass 2 [2026-08-25] complete, running offset=0
  Pass 2 [2026-08-26]: 3000/3483 files processed, offset=350079
  Pass 2 [2026-08-26] complete, running offset=404843
  Pass 2 [2026-08-27] complete, running offset=405005
Pass 2 complete: loaded 405005 rows
  [RSS checkpoint: after_loading] 139.3 MiB (high-water mark)
Validating day integrity (finite/positive values, UTC in-range invariant)...
Integrity validation passed.
Sorting by (trade_time, trade_id)...
  [RSS checkpoint: before_sort] 139.3 MiB (high-water mark)
  [RSS checkpoint: after_order_created] 140.2 MiB (high-water mark)
  [RSS checkpoint: after_sorted_arrays] 141.7 MiB (high-water mark)
Sort validated.
Running kernel (compute_screen)...
Kernel complete: 20250 sampled observations
  [RSS checkpoint: after_compute_screen] 145.0 MiB (high-water mark)
Summarizing per-horizon comparative deciles...
  Horizon 5s: n=20232 imbalance_D9-D0_bp=0.34834379256167614 momentum_D9-D0_bp=0.25412819918685714
  Horizon 15s: n=20232 imbalance_D9-D0_bp=0.43135151129330546 momentum_D9-D0_bp=0.30181701044389275
  Horizon 30s: n=20232 imbalance_D9-D0_bp=0.4146905398448263 momentum_D9-D0_bp=0.2857150897327421
  Horizon 60s: n=20232 imbalance_D9-D0_bp=0.19479569751692682 momentum_D9-D0_bp=0.5138300544805346
  [RSS checkpoint: after_summarization] 145.0 MiB (high-water mark)

COMPLETE (315.5s). Result written to /tmp/expanded_screen_results/BTC-USD_2026-08-26.json
	Command being timed: "/mnt/lrs001/liquid-research-l0l4/venv/bin/python3 -m L1_CORE.market_data_platform.research.run_trade_flow_vs_momentum_screen --instrument BTC-USD --date 2026-08-26 --output-dir /tmp/expanded_screen_results"
	User time (seconds): 345.75
	System time (seconds): 31.09
	Percent of CPU this job got: 118%
	Elapsed (wall clock) time (h:mm:ss or m:ss): 5:17.33
	Average shared text size (kbytes): 0
	Average unshared data size (kbytes): 0
	Average stack size (kbytes): 0
	Average total size (kbytes): 0
	Maximum resident set size (kbytes): 148476
	Average resident set size (kbytes): 0
	Major (requiring I/O) page faults: 8
	Minor (reclaiming a frame) page faults: 35356
	Voluntary context switches: 394070
	Involuntary context switches: 3452
	Swaps: 0
	File system inputs: 718648
	File system outputs: 0
	Socket messages sent: 0
	Socket messages received: 0
	Signals delivered: 0
	Page size (bytes): 4096
	Exit status: 0
