===== BTC-USD 2026-08-27 (multi-partition, trade_time-defined day) =====
Source partitions required and present: ['2026-08-26', '2026-08-27', '2026-08-28']
Pass 1: counting in-range target-instrument rows across all 3 partitions...
  Pass 1 [2026-08-26]: 3000/3483 files scanned
  Pass 1 [2026-08-26] complete: target_instrument_rows=404848, in_range_rows=0
  Pass 1 [2026-08-27]: 3000/8791 files scanned
  Pass 1 [2026-08-27]: 6000/8791 files scanned
  Pass 1 [2026-08-27] complete: target_instrument_rows=598738, in_range_rows=598576
  Pass 1 [2026-08-28]: 3000/9169 files scanned
  Pass 1 [2026-08-28]: 6000/9169 files scanned
  Pass 1 [2026-08-28]: 9000/9169 files scanned
  Pass 1 [2026-08-28] complete: target_instrument_rows=678382, in_range_rows=0
Pass 1 complete: total in-range N=598576
  [RSS checkpoint: after_pass1_counting] 127.8 MiB (high-water mark)
Pass 2: preallocating arrays and loading across all 3 partitions...
  [RSS checkpoint: after_preallocation (virtual reservation; see docstring)] 127.8 MiB (high-water mark)
  Pass 2 [2026-08-26] complete, running offset=0
  Pass 2 [2026-08-27]: 3000/8791 files processed, offset=204569
  Pass 2 [2026-08-27]: 6000/8791 files processed, offset=408756
  Pass 2 [2026-08-27] complete, running offset=598576
  Pass 2 [2026-08-28] complete, running offset=598576
Pass 2 complete: loaded 598576 rows
  [RSS checkpoint: after_loading] 148.5 MiB (high-water mark)
Validating day integrity (finite/positive values, UTC in-range invariant)...
Integrity validation passed.
Sorting by (trade_time, trade_id)...
  [RSS checkpoint: before_sort] 148.5 MiB (high-water mark)
  [RSS checkpoint: after_order_created] 151.9 MiB (high-water mark)
  [RSS checkpoint: after_sorted_arrays] 154.2 MiB (high-water mark)
Sort validated.
Running kernel (compute_screen)...
Kernel complete: 29928 sampled observations
  [RSS checkpoint: after_compute_screen] 159.0 MiB (high-water mark)
Summarizing per-horizon comparative deciles...
  Horizon 5s: n=29921 imbalance_D9-D0_bp=0.6790196656378629 momentum_D9-D0_bp=0.22957387550701225
  Horizon 15s: n=29921 imbalance_D9-D0_bp=0.7158236715921131 momentum_D9-D0_bp=0.04754164555061342
  Horizon 30s: n=29921 imbalance_D9-D0_bp=0.613658731969372 momentum_D9-D0_bp=-0.029410112655769326
  Horizon 60s: n=29921 imbalance_D9-D0_bp=0.7530700672393313 momentum_D9-D0_bp=-0.024426688708719124
  [RSS checkpoint: after_summarization] 159.0 MiB (high-water mark)

COMPLETE (278.2s). Result written to /tmp/expanded_screen_results/BTC-USD_2026-08-27.json
	Command being timed: "/mnt/lrs001/liquid-research-l0l4/venv/bin/python3 -m L1_CORE.market_data_platform.research.run_trade_flow_vs_momentum_screen --instrument BTC-USD --date 2026-08-27 --output-dir /tmp/expanded_screen_results"
	User time (seconds): 327.57
	System time (seconds): 22.70
	Percent of CPU this job got: 125%
	Elapsed (wall clock) time (h:mm:ss or m:ss): 4:40.00
	Average shared text size (kbytes): 0
	Average unshared data size (kbytes): 0
	Average stack size (kbytes): 0
	Average total size (kbytes): 0
	Maximum resident set size (kbytes): 162772
	Average resident set size (kbytes): 0
	Major (requiring I/O) page faults: 3
	Minor (reclaiming a frame) page faults: 43241
	Voluntary context switches: 342345
	Involuntary context switches: 1430
	Swaps: 0
	File system inputs: 134696
	File system outputs: 0
	Socket messages sent: 0
	Socket messages received: 0
	Signals delivered: 0
	Page size (bytes): 4096
	Exit status: 0
