===== ETH-USD 2026-07-27 (multi-partition, trade_time-defined day) =====
Source partitions required and present: ['2026-07-26', '2026-07-27', '2026-07-28']
Pass 1: counting in-range target-instrument rows across all 3 partitions...
  Pass 1 [2026-07-26]: 3000/8171 files scanned
  Pass 1 [2026-07-26]: 6000/8171 files scanned
  Pass 1 [2026-07-26] complete: target_instrument_rows=124447, in_range_rows=0
  Pass 1 [2026-07-27]: 3000/8627 files scanned
  Pass 1 [2026-07-27]: 6000/8627 files scanned
  Pass 1 [2026-07-27] complete: target_instrument_rows=253776, in_range_rows=253776
  Pass 1 [2026-07-28]: 3000/8582 files scanned
  Pass 1 [2026-07-28]: 6000/8582 files scanned
  Pass 1 [2026-07-28] complete: target_instrument_rows=239659, in_range_rows=0
Pass 1 complete: total in-range N=253776
  [RSS checkpoint: after_pass1_counting] 127.0 MiB (high-water mark)
Pass 2: preallocating arrays and loading across all 3 partitions...
  [RSS checkpoint: after_preallocation (virtual reservation; see docstring)] 127.0 MiB (high-water mark)
  Pass 2 [2026-07-26] complete, running offset=0
  Pass 2 [2026-07-27]: 3000/8627 files processed, offset=88726
  Pass 2 [2026-07-27]: 6000/8627 files processed, offset=175940
  Pass 2 [2026-07-27] complete, running offset=253776
  Pass 2 [2026-07-28] complete, running offset=253776
Pass 2 complete: loaded 253776 rows
  [RSS checkpoint: after_loading] 136.5 MiB (high-water mark)
Validating day integrity (finite/positive values, UTC in-range invariant)...
Integrity validation passed.
Sorting by (trade_time, trade_id)...
  [RSS checkpoint: before_sort] 136.5 MiB (high-water mark)
  [RSS checkpoint: after_order_created] 136.5 MiB (high-water mark)
  [RSS checkpoint: after_sorted_arrays] 137.1 MiB (high-water mark)
Sort validated.
Running kernel (compute_screen)...
Kernel complete: 12688 sampled observations
  [RSS checkpoint: after_compute_screen] 138.9 MiB (high-water mark)
Summarizing per-horizon comparative deciles...
  Horizon 5s: n=12489 imbalance_D9-D0_bp=1.2258987779559127 momentum_D9-D0_bp=1.3939503623627982
  Horizon 15s: n=12681 imbalance_D9-D0_bp=1.5250024869082062 momentum_D9-D0_bp=1.475292748698896
  Horizon 30s: n=12683 imbalance_D9-D0_bp=2.0739087648941346 momentum_D9-D0_bp=1.712367648479677
  Horizon 60s: n=12683 imbalance_D9-D0_bp=2.080321179418912 momentum_D9-D0_bp=-0.030693419309000273
  [RSS checkpoint: after_summarization] 138.9 MiB (high-water mark)

COMPLETE (309.4s). Result written to /tmp/expanded_screen_results/ETH-USD_2026-07-27.json
	Command being timed: "/mnt/lrs001/liquid-research-l0l4/venv/bin/python3 -m L1_CORE.market_data_platform.research.run_trade_flow_vs_momentum_screen --instrument ETH-USD --date 2026-07-27 --output-dir /tmp/expanded_screen_results"
	User time (seconds): 373.73
	System time (seconds): 24.36
	Percent of CPU this job got: 127%
	Elapsed (wall clock) time (h:mm:ss or m:ss): 5:11.25
	Average shared text size (kbytes): 0
	Average unshared data size (kbytes): 0
	Average stack size (kbytes): 0
	Average total size (kbytes): 0
	Maximum resident set size (kbytes): 142272
	Average resident set size (kbytes): 0
	Major (requiring I/O) page faults: 0
	Minor (reclaiming a frame) page faults: 30968
	Voluntary context switches: 398339
	Involuntary context switches: 1764
	Swaps: 0
	File system inputs: 17376
	File system outputs: 0
	Socket messages sent: 0
	Socket messages received: 0
	Signals delivered: 0
	Page size (bytes): 4096
	Exit status: 0
