===== ETH-USD 2026-08-05 (multi-partition, trade_time-defined day) =====
Source partitions required and present: ['2026-08-04', '2026-08-05', '2026-08-06']
Pass 1: counting in-range target-instrument rows across all 3 partitions...
  Pass 1 [2026-08-04]: 3000/8795 files scanned
  Pass 1 [2026-08-04]: 6000/8795 files scanned
  Pass 1 [2026-08-04] complete: target_instrument_rows=219500, in_range_rows=0
  Pass 1 [2026-08-05]: 3000/8516 files scanned
  Pass 1 [2026-08-05]: 6000/8516 files scanned
  Pass 1 [2026-08-05] complete: target_instrument_rows=235220, in_range_rows=235220
  Pass 1 [2026-08-06]: 3000/8313 files scanned
  Pass 1 [2026-08-06]: 6000/8313 files scanned
  Pass 1 [2026-08-06] complete: target_instrument_rows=209383, in_range_rows=0
Pass 1 complete: total in-range N=235220
  [RSS checkpoint: after_pass1_counting] 127.8 MiB (high-water mark)
Pass 2: preallocating arrays and loading across all 3 partitions...
  [RSS checkpoint: after_preallocation (virtual reservation; see docstring)] 127.8 MiB (high-water mark)
  Pass 2 [2026-08-04] complete, running offset=0
  Pass 2 [2026-08-05]: 3000/8516 files processed, offset=82992
  Pass 2 [2026-08-05]: 6000/8516 files processed, offset=164266
  Pass 2 [2026-08-05] complete, running offset=235220
  Pass 2 [2026-08-06] complete, running offset=235220
Pass 2 complete: loaded 235220 rows
  [RSS checkpoint: after_loading] 136.7 MiB (high-water mark)
Validating day integrity (finite/positive values, UTC in-range invariant)...
Integrity validation passed.
Sorting by (trade_time, trade_id)...
  [RSS checkpoint: before_sort] 136.7 MiB (high-water mark)
  [RSS checkpoint: after_order_created] 136.7 MiB (high-water mark)
  [RSS checkpoint: after_sorted_arrays] 136.7 MiB (high-water mark)
Sort validated.
Running kernel (compute_screen)...
Kernel complete: 11761 sampled observations
  [RSS checkpoint: after_compute_screen] 137.5 MiB (high-water mark)
Summarizing per-horizon comparative deciles...
  Horizon 5s: n=11527 imbalance_D9-D0_bp=0.6950540551482569 momentum_D9-D0_bp=0.5612470242297287
  Horizon 15s: n=11757 imbalance_D9-D0_bp=0.7495406573705429 momentum_D9-D0_bp=0.7984737156013321
  Horizon 30s: n=11759 imbalance_D9-D0_bp=0.6949020964546679 momentum_D9-D0_bp=0.9654514787033152
  Horizon 60s: n=11759 imbalance_D9-D0_bp=0.879719663584627 momentum_D9-D0_bp=1.270330952395349
  [RSS checkpoint: after_summarization] 137.5 MiB (high-water mark)

COMPLETE (316.8s). Result written to /tmp/expanded_screen_results/ETH-USD_2026-08-05.json
	Command being timed: "/mnt/lrs001/liquid-research-l0l4/venv/bin/python3 -m L1_CORE.market_data_platform.research.run_trade_flow_vs_momentum_screen --instrument ETH-USD --date 2026-08-05 --output-dir /tmp/expanded_screen_results"
	User time (seconds): 378.87
	System time (seconds): 26.86
	Percent of CPU this job got: 127%
	Elapsed (wall clock) time (h:mm:ss or m:ss): 5:19.02
	Average shared text size (kbytes): 0
	Average unshared data size (kbytes): 0
	Average stack size (kbytes): 0
	Average total size (kbytes): 0
	Maximum resident set size (kbytes): 140824
	Average resident set size (kbytes): 0
	Major (requiring I/O) page faults: 84
	Minor (reclaiming a frame) page faults: 30371
	Voluntary context switches: 402469
	Involuntary context switches: 1628
	Swaps: 0
	File system inputs: 60328
	File system outputs: 0
	Socket messages sent: 0
	Socket messages received: 0
	Signals delivered: 0
	Page size (bytes): 4096
	Exit status: 0
