===== ETH-USD 2026-08-29 (multi-partition, trade_time-defined day) =====
Source partitions required and present: ['2026-08-28', '2026-08-29', '2026-08-30']
Pass 1: counting in-range target-instrument rows across all 3 partitions...
  Pass 1 [2026-08-28]: 3000/9169 files scanned
  Pass 1 [2026-08-28]: 6000/9169 files scanned
  Pass 1 [2026-08-28]: 9000/9169 files scanned
  Pass 1 [2026-08-28] complete: target_instrument_rows=318242, in_range_rows=0
  Pass 1 [2026-08-29]: 3000/8433 files scanned
  Pass 1 [2026-08-29]: 6000/8433 files scanned
  Pass 1 [2026-08-29] complete: target_instrument_rows=107753, in_range_rows=107753
  Pass 1 [2026-08-30]: 3000/8437 files scanned
  Pass 1 [2026-08-30]: 6000/8437 files scanned
  Pass 1 [2026-08-30] complete: target_instrument_rows=165001, in_range_rows=0
Pass 1 complete: total in-range N=107753
  [RSS checkpoint: after_pass1_counting] 127.8 MiB (high-water mark)
Pass 2: preallocating arrays and loading across all 3 partitions...
  [RSS checkpoint: after_preallocation (virtual reservation; see docstring)] 127.8 MiB (high-water mark)
  Pass 2 [2026-08-28] complete, running offset=0
  Pass 2 [2026-08-29]: 3000/8433 files processed, offset=38127
  Pass 2 [2026-08-29]: 6000/8433 files processed, offset=75683
  Pass 2 [2026-08-29] complete, running offset=107753
  Pass 2 [2026-08-30] complete, running offset=107753
Pass 2 complete: loaded 107753 rows
  [RSS checkpoint: after_loading] 132.7 MiB (high-water mark)
Validating day integrity (finite/positive values, UTC in-range invariant)...
Integrity validation passed.
Sorting by (trade_time, trade_id)...
  [RSS checkpoint: before_sort] 132.7 MiB (high-water mark)
  [RSS checkpoint: after_order_created] 132.7 MiB (high-water mark)
  [RSS checkpoint: after_sorted_arrays] 132.7 MiB (high-water mark)
Sort validated.
Running kernel (compute_screen)...
Kernel complete: 5387 sampled observations
  [RSS checkpoint: after_compute_screen] 132.7 MiB (high-water mark)
Summarizing per-horizon comparative deciles...
  Horizon 5s: n=5148 imbalance_D9-D0_bp=0.7869250924663579 momentum_D9-D0_bp=0.43351904526336715
  Horizon 15s: n=5383 imbalance_D9-D0_bp=0.9256339314377432 momentum_D9-D0_bp=0.7356599468932612
  Horizon 30s: n=5386 imbalance_D9-D0_bp=0.9011065317157463 momentum_D9-D0_bp=0.12251649156184623
  Horizon 60s: n=5386 imbalance_D9-D0_bp=0.8916120876798399 momentum_D9-D0_bp=0.21372200922870516
  [RSS checkpoint: after_summarization] 132.7 MiB (high-water mark)

COMPLETE (314.7s). Result written to /tmp/expanded_screen_results/ETH-USD_2026-08-29.json
	Command being timed: "/mnt/lrs001/liquid-research-l0l4/venv/bin/python3 -m L1_CORE.market_data_platform.research.run_trade_flow_vs_momentum_screen --instrument ETH-USD --date 2026-08-29 --output-dir /tmp/expanded_screen_results"
	User time (seconds): 381.96
	System time (seconds): 24.88
	Percent of CPU this job got: 128%
	Elapsed (wall clock) time (h:mm:ss or m:ss): 5:16.55
	Average shared text size (kbytes): 0
	Average unshared data size (kbytes): 0
	Average stack size (kbytes): 0
	Average total size (kbytes): 0
	Maximum resident set size (kbytes): 135844
	Average resident set size (kbytes): 0
	Major (requiring I/O) page faults: 0
	Minor (reclaiming a frame) page faults: 23468
	Voluntary context switches: 399667
	Involuntary context switches: 1951
	Swaps: 0
	File system inputs: 0
	File system outputs: 0
	Socket messages sent: 0
	Socket messages received: 0
	Signals delivered: 0
	Page size (bytes): 4096
	Exit status: 0
