===== ETH-USD 2026-08-03 (multi-partition, trade_time-defined day) =====
Source partitions required and present: ['2026-08-02', '2026-08-03', '2026-08-04']
Pass 1: counting in-range target-instrument rows across all 3 partitions...
  Pass 1 [2026-08-02]: 3000/8162 files scanned
  Pass 1 [2026-08-02]: 6000/8162 files scanned
  Pass 1 [2026-08-02] complete: target_instrument_rows=124208, in_range_rows=0
  Pass 1 [2026-08-03]: 3000/8502 files scanned
  Pass 1 [2026-08-03]: 6000/8502 files scanned
  Pass 1 [2026-08-03] complete: target_instrument_rows=183838, in_range_rows=183838
  Pass 1 [2026-08-04]: 3000/8795 files scanned
  Pass 1 [2026-08-04]: 6000/8795 files scanned
  Pass 1 [2026-08-04] complete: target_instrument_rows=219500, in_range_rows=0
Pass 1 complete: total in-range N=183838
  [RSS checkpoint: after_pass1_counting] 127.2 MiB (high-water mark)
Pass 2: preallocating arrays and loading across all 3 partitions...
  [RSS checkpoint: after_preallocation (virtual reservation; see docstring)] 127.2 MiB (high-water mark)
  Pass 2 [2026-08-02] complete, running offset=0
  Pass 2 [2026-08-03]: 3000/8502 files processed, offset=64743
  Pass 2 [2026-08-03]: 6000/8502 files processed, offset=130201
  Pass 2 [2026-08-03] complete, running offset=183838
  Pass 2 [2026-08-04] complete, running offset=183838
Pass 2 complete: loaded 183838 rows
  [RSS checkpoint: after_loading] 134.4 MiB (high-water mark)
Validating day integrity (finite/positive values, UTC in-range invariant)...
Integrity validation passed.
Sorting by (trade_time, trade_id)...
  [RSS checkpoint: before_sort] 134.4 MiB (high-water mark)
  [RSS checkpoint: after_order_created] 134.4 MiB (high-water mark)
  [RSS checkpoint: after_sorted_arrays] 134.4 MiB (high-water mark)
Sort validated.
Running kernel (compute_screen)...
Kernel complete: 9191 sampled observations
  [RSS checkpoint: after_compute_screen] 134.4 MiB (high-water mark)
Summarizing per-horizon comparative deciles...
  Horizon 5s: n=8959 imbalance_D9-D0_bp=1.2167778852638655 momentum_D9-D0_bp=0.9555917963057955
  Horizon 15s: n=9189 imbalance_D9-D0_bp=1.1157629999041268 momentum_D9-D0_bp=1.057219981261603
  Horizon 30s: n=9190 imbalance_D9-D0_bp=0.9247969490927598 momentum_D9-D0_bp=0.45033556643778067
  Horizon 60s: n=9190 imbalance_D9-D0_bp=0.9886915190022166 momentum_D9-D0_bp=0.28465507945836893
  [RSS checkpoint: after_summarization] 134.4 MiB (high-water mark)

COMPLETE (317.7s). Result written to /tmp/expanded_screen_results/ETH-USD_2026-08-03.json
	Command being timed: "/mnt/lrs001/liquid-research-l0l4/venv/bin/python3 -m L1_CORE.market_data_platform.research.run_trade_flow_vs_momentum_screen --instrument ETH-USD --date 2026-08-03 --output-dir /tmp/expanded_screen_results"
	User time (seconds): 379.76
	System time (seconds): 26.32
	Percent of CPU this job got: 126%
	Elapsed (wall clock) time (h:mm:ss or m:ss): 5:19.95
	Average shared text size (kbytes): 0
	Average unshared data size (kbytes): 0
	Average stack size (kbytes): 0
	Average total size (kbytes): 0
	Maximum resident set size (kbytes): 137644
	Average resident set size (kbytes): 0
	Major (requiring I/O) page faults: 9347
	Minor (reclaiming a frame) page faults: 44774
	Voluntary context switches: 398202
	Involuntary context switches: 6916
	Swaps: 0
	File system inputs: 105960
	File system outputs: 0
	Socket messages sent: 0
	Socket messages received: 0
	Signals delivered: 0
	Page size (bytes): 4096
	Exit status: 0
