===== ETH-USD 2026-08-02 (multi-partition, trade_time-defined day) =====
Source partitions required and present: ['2026-08-01', '2026-08-02', '2026-08-03']
Pass 1: counting in-range target-instrument rows across all 3 partitions...
  Pass 1 [2026-08-01]: 3000/8263 files scanned
  Pass 1 [2026-08-01]: 6000/8263 files scanned
  Pass 1 [2026-08-01] complete: target_instrument_rows=157996, in_range_rows=0
  Pass 1 [2026-08-02]: 3000/8162 files scanned
  Pass 1 [2026-08-02]: 6000/8162 files scanned
  Pass 1 [2026-08-02] complete: target_instrument_rows=124208, in_range_rows=124208
  Pass 1 [2026-08-03]: 3000/8502 files scanned
  Pass 1 [2026-08-03]: 6000/8502 files scanned
  Pass 1 [2026-08-03] complete: target_instrument_rows=183838, in_range_rows=0
Pass 1 complete: total in-range N=124208
  [RSS checkpoint: after_pass1_counting] 126.7 MiB (high-water mark)
Pass 2: preallocating arrays and loading across all 3 partitions...
  [RSS checkpoint: after_preallocation (virtual reservation; see docstring)] 126.7 MiB (high-water mark)
  Pass 2 [2026-08-01] complete, running offset=0
  Pass 2 [2026-08-02]: 3000/8162 files processed, offset=45483
  Pass 2 [2026-08-02]: 6000/8162 files processed, offset=90836
  Pass 2 [2026-08-02] complete, running offset=124208
  Pass 2 [2026-08-03] complete, running offset=124208
Pass 2 complete: loaded 124208 rows
  [RSS checkpoint: after_loading] 132.3 MiB (high-water mark)
Validating day integrity (finite/positive values, UTC in-range invariant)...
Integrity validation passed.
Sorting by (trade_time, trade_id)...
  [RSS checkpoint: before_sort] 132.3 MiB (high-water mark)
  [RSS checkpoint: after_order_created] 132.3 MiB (high-water mark)
  [RSS checkpoint: after_sorted_arrays] 132.3 MiB (high-water mark)
Sort validated.
Running kernel (compute_screen)...
Kernel complete: 6210 sampled observations
  [RSS checkpoint: after_compute_screen] 132.3 MiB (high-water mark)
Summarizing per-horizon comparative deciles...
  Horizon 5s: n=5907 imbalance_D9-D0_bp=0.7511590121444931 momentum_D9-D0_bp=1.1395629666515483
  Horizon 15s: n=6203 imbalance_D9-D0_bp=0.7522076629645144 momentum_D9-D0_bp=2.1668173973235914
  Horizon 30s: n=6210 imbalance_D9-D0_bp=0.7144762573991831 momentum_D9-D0_bp=1.5505369133522051
  Horizon 60s: n=6210 imbalance_D9-D0_bp=0.6820984331873812 momentum_D9-D0_bp=1.8639489905135018
  [RSS checkpoint: after_summarization] 132.3 MiB (high-water mark)

COMPLETE (302.0s). Result written to /tmp/expanded_screen_results/ETH-USD_2026-08-02.json
	Command being timed: "/mnt/lrs001/liquid-research-l0l4/venv/bin/python3 -m L1_CORE.market_data_platform.research.run_trade_flow_vs_momentum_screen --instrument ETH-USD --date 2026-08-02 --output-dir /tmp/expanded_screen_results"
	User time (seconds): 366.18
	System time (seconds): 23.78
	Percent of CPU this job got: 128%
	Elapsed (wall clock) time (h:mm:ss or m:ss): 5:03.80
	Average shared text size (kbytes): 0
	Average unshared data size (kbytes): 0
	Average stack size (kbytes): 0
	Average total size (kbytes): 0
	Maximum resident set size (kbytes): 135456
	Average resident set size (kbytes): 0
	Major (requiring I/O) page faults: 0
	Minor (reclaiming a frame) page faults: 25363
	Voluntary context switches: 390239
	Involuntary context switches: 3309
	Swaps: 0
	File system inputs: 0
	File system outputs: 0
	Socket messages sent: 0
	Socket messages received: 0
	Signals delivered: 0
	Page size (bytes): 4096
	Exit status: 0
