===== ETH-USD 2026-07-31 (multi-partition, trade_time-defined day) =====
Source partitions required and present: ['2026-07-30', '2026-07-31', '2026-08-01']
Pass 1: counting in-range target-instrument rows across all 3 partitions...
  Pass 1 [2026-07-30]: 3000/8471 files scanned
  Pass 1 [2026-07-30]: 6000/8471 files scanned
  Pass 1 [2026-07-30] complete: target_instrument_rows=202070, in_range_rows=0
  Pass 1 [2026-07-31]: 3000/8772 files scanned
  Pass 1 [2026-07-31]: 6000/8772 files scanned
  Pass 1 [2026-07-31] complete: target_instrument_rows=287380, in_range_rows=287380
  Pass 1 [2026-08-01]: 3000/8263 files scanned
  Pass 1 [2026-08-01]: 6000/8263 files scanned
  Pass 1 [2026-08-01] complete: target_instrument_rows=157996, in_range_rows=1
Pass 1 complete: total in-range N=287381
  [RSS checkpoint: after_pass1_counting] 127.9 MiB (high-water mark)
Pass 2: preallocating arrays and loading across all 3 partitions...
  [RSS checkpoint: after_preallocation (virtual reservation; see docstring)] 127.9 MiB (high-water mark)
  Pass 2 [2026-07-30] complete, running offset=0
  Pass 2 [2026-07-31]: 3000/8772 files processed, offset=99661
  Pass 2 [2026-07-31]: 6000/8772 files processed, offset=197898
  Pass 2 [2026-07-31] complete, running offset=287380
  Pass 2 [2026-08-01] complete, running offset=287381
Pass 2 complete: loaded 287381 rows
  [RSS checkpoint: after_loading] 138.3 MiB (high-water mark)
Validating day integrity (finite/positive values, UTC in-range invariant)...
Integrity validation passed.
Sorting by (trade_time, trade_id)...
  [RSS checkpoint: before_sort] 138.3 MiB (high-water mark)
  [RSS checkpoint: after_order_created] 139.6 MiB (high-water mark)
  [RSS checkpoint: after_sorted_arrays] 140.8 MiB (high-water mark)
Sort validated.
Running kernel (compute_screen)...
Kernel complete: 14369 sampled observations
  [RSS checkpoint: after_compute_screen] 142.9 MiB (high-water mark)
Summarizing per-horizon comparative deciles...
  Horizon 5s: n=14207 imbalance_D9-D0_bp=0.724606301492159 momentum_D9-D0_bp=0.1315018485197805
  Horizon 15s: n=14368 imbalance_D9-D0_bp=0.5862709673083986 momentum_D9-D0_bp=-0.1879746308601165
  Horizon 30s: n=14368 imbalance_D9-D0_bp=0.6535457731988917 momentum_D9-D0_bp=-0.1848910387022087
  Horizon 60s: n=14368 imbalance_D9-D0_bp=0.39353348596861476 momentum_D9-D0_bp=-1.108211933536903
  [RSS checkpoint: after_summarization] 142.9 MiB (high-water mark)

COMPLETE (326.0s). Result written to /tmp/expanded_screen_results/ETH-USD_2026-07-31.json
	Command being timed: "/mnt/lrs001/liquid-research-l0l4/venv/bin/python3 -m L1_CORE.market_data_platform.research.run_trade_flow_vs_momentum_screen --instrument ETH-USD --date 2026-07-31 --output-dir /tmp/expanded_screen_results"
	User time (seconds): 379.32
	System time (seconds): 29.06
	Percent of CPU this job got: 124%
	Elapsed (wall clock) time (h:mm:ss or m:ss): 5:28.02
	Average shared text size (kbytes): 0
	Average unshared data size (kbytes): 0
	Average stack size (kbytes): 0
	Average total size (kbytes): 0
	Maximum resident set size (kbytes): 146292
	Average resident set size (kbytes): 0
	Major (requiring I/O) page faults: 35
	Minor (reclaiming a frame) page faults: 33614
	Voluntary context switches: 421054
	Involuntary context switches: 1778
	Swaps: 0
	File system inputs: 217008
	File system outputs: 0
	Socket messages sent: 0
	Socket messages received: 0
	Signals delivered: 0
	Page size (bytes): 4096
	Exit status: 0
