===== ETH-USD 2026-07-26 (multi-partition, trade_time-defined day) =====
Source partitions required and present: ['2026-07-25', '2026-07-26', '2026-07-27']
Pass 1: counting in-range target-instrument rows across all 3 partitions...
  Pass 1 [2026-07-25]: 3000/7769 files scanned
  Pass 1 [2026-07-25]: 6000/7769 files scanned
  Pass 1 [2026-07-25] complete: target_instrument_rows=89478, in_range_rows=0
  Pass 1 [2026-07-26]: 3000/8171 files scanned
  Pass 1 [2026-07-26]: 6000/8171 files scanned
  Pass 1 [2026-07-26] complete: target_instrument_rows=124447, in_range_rows=124447
  Pass 1 [2026-07-27]: 3000/8627 files scanned
  Pass 1 [2026-07-27]: 6000/8627 files scanned
  Pass 1 [2026-07-27] complete: target_instrument_rows=253776, in_range_rows=0
Pass 1 complete: total in-range N=124447
  [RSS checkpoint: after_pass1_counting] 126.8 MiB (high-water mark)
Pass 2: preallocating arrays and loading across all 3 partitions...
  [RSS checkpoint: after_preallocation (virtual reservation; see docstring)] 126.8 MiB (high-water mark)
  Pass 2 [2026-07-25] complete, running offset=0
  Pass 2 [2026-07-26]: 3000/8171 files processed, offset=46041
  Pass 2 [2026-07-26]: 6000/8171 files processed, offset=91084
  Pass 2 [2026-07-26] complete, running offset=124447
  Pass 2 [2026-07-27] complete, running offset=124447
Pass 2 complete: loaded 124447 rows
  [RSS checkpoint: after_loading] 132.2 MiB (high-water mark)
Validating day integrity (finite/positive values, UTC in-range invariant)...
Integrity validation passed.
Sorting by (trade_time, trade_id)...
  [RSS checkpoint: before_sort] 132.2 MiB (high-water mark)
  [RSS checkpoint: after_order_created] 132.2 MiB (high-water mark)
  [RSS checkpoint: after_sorted_arrays] 132.2 MiB (high-water mark)
Sort validated.
Running kernel (compute_screen)...
Kernel complete: 6222 sampled observations
  [RSS checkpoint: after_compute_screen] 132.2 MiB (high-water mark)
Summarizing per-horizon comparative deciles...
  Horizon 5s: n=5928 imbalance_D9-D0_bp=0.28723288464465774 momentum_D9-D0_bp=0.2795585370633041
  Horizon 15s: n=6217 imbalance_D9-D0_bp=0.44722113445087636 momentum_D9-D0_bp=-0.6170146272100243
  Horizon 30s: n=6222 imbalance_D9-D0_bp=0.3906198686881752 momentum_D9-D0_bp=-0.959942163071902
  Horizon 60s: n=6222 imbalance_D9-D0_bp=0.7300471581714292 momentum_D9-D0_bp=-1.006425825929379
  [RSS checkpoint: after_summarization] 132.2 MiB (high-water mark)

COMPLETE (297.8s). Result written to /tmp/expanded_screen_results/ETH-USD_2026-07-26.json
	Command being timed: "/mnt/lrs001/liquid-research-l0l4/venv/bin/python3 -m L1_CORE.market_data_platform.research.run_trade_flow_vs_momentum_screen --instrument ETH-USD --date 2026-07-26 --output-dir /tmp/expanded_screen_results"
	User time (seconds): 360.08
	System time (seconds): 23.17
	Percent of CPU this job got: 127%
	Elapsed (wall clock) time (h:mm:ss or m:ss): 4:59.68
	Average shared text size (kbytes): 0
	Average unshared data size (kbytes): 0
	Average stack size (kbytes): 0
	Average total size (kbytes): 0
	Maximum resident set size (kbytes): 135384
	Average resident set size (kbytes): 0
	Major (requiring I/O) page faults: 53
	Minor (reclaiming a frame) page faults: 25811
	Voluntary context switches: 384553
	Involuntary context switches: 1596
	Swaps: 0
	File system inputs: 29616
	File system outputs: 0
	Socket messages sent: 0
	Socket messages received: 0
	Signals delivered: 0
	Page size (bytes): 4096
	Exit status: 0
