===== ETH-USD 2026-08-04 (multi-partition, trade_time-defined day) =====
Source partitions required and present: ['2026-08-03', '2026-08-04', '2026-08-05']
Pass 1: counting in-range target-instrument rows across all 3 partitions...
  Pass 1 [2026-08-03]: 3000/8502 files scanned
  Pass 1 [2026-08-03]: 6000/8502 files scanned
  Pass 1 [2026-08-03] complete: target_instrument_rows=183838, in_range_rows=0
  Pass 1 [2026-08-04]: 3000/8795 files scanned
  Pass 1 [2026-08-04]: 6000/8795 files scanned
  Pass 1 [2026-08-04] complete: target_instrument_rows=219500, in_range_rows=219500
  Pass 1 [2026-08-05]: 3000/8516 files scanned
  Pass 1 [2026-08-05]: 6000/8516 files scanned
  Pass 1 [2026-08-05] complete: target_instrument_rows=235220, in_range_rows=0
Pass 1 complete: total in-range N=219500
  [RSS checkpoint: after_pass1_counting] 128.0 MiB (high-water mark)
Pass 2: preallocating arrays and loading across all 3 partitions...
  [RSS checkpoint: after_preallocation (virtual reservation; see docstring)] 128.0 MiB (high-water mark)
  Pass 2 [2026-08-03] complete, running offset=0
  Pass 2 [2026-08-04]: 3000/8795 files processed, offset=76531
  Pass 2 [2026-08-04]: 6000/8795 files processed, offset=149942
  Pass 2 [2026-08-04] complete, running offset=219500
  Pass 2 [2026-08-05] complete, running offset=219500
Pass 2 complete: loaded 219500 rows
  [RSS checkpoint: after_loading] 136.3 MiB (high-water mark)
Validating day integrity (finite/positive values, UTC in-range invariant)...
Integrity validation passed.
Sorting by (trade_time, trade_id)...
  [RSS checkpoint: before_sort] 136.3 MiB (high-water mark)
  [RSS checkpoint: after_order_created] 136.3 MiB (high-water mark)
  [RSS checkpoint: after_sorted_arrays] 136.4 MiB (high-water mark)
Sort validated.
Running kernel (compute_screen)...
Kernel complete: 10975 sampled observations
  [RSS checkpoint: after_compute_screen] 137.7 MiB (high-water mark)
Summarizing per-horizon comparative deciles...
  Horizon 5s: n=10755 imbalance_D9-D0_bp=0.7350186030760669 momentum_D9-D0_bp=-0.2050256432916291
  Horizon 15s: n=10964 imbalance_D9-D0_bp=0.5925647184624769 momentum_D9-D0_bp=-0.9447524761254129
  Horizon 30s: n=10968 imbalance_D9-D0_bp=0.7329666363148584 momentum_D9-D0_bp=-1.2984937330287158
  Horizon 60s: n=10968 imbalance_D9-D0_bp=0.5315046336060436 momentum_D9-D0_bp=-1.714533434457188
  [RSS checkpoint: after_summarization] 137.7 MiB (high-water mark)

COMPLETE (314.5s). Result written to /tmp/expanded_screen_results/ETH-USD_2026-08-04.json
	Command being timed: "/mnt/lrs001/liquid-research-l0l4/venv/bin/python3 -m L1_CORE.market_data_platform.research.run_trade_flow_vs_momentum_screen --instrument ETH-USD --date 2026-08-04 --output-dir /tmp/expanded_screen_results"
	User time (seconds): 381.37
	System time (seconds): 24.73
	Percent of CPU this job got: 128%
	Elapsed (wall clock) time (h:mm:ss or m:ss): 5:16.28
	Average shared text size (kbytes): 0
	Average unshared data size (kbytes): 0
	Average stack size (kbytes): 0
	Average total size (kbytes): 0
	Maximum resident set size (kbytes): 141008
	Average resident set size (kbytes): 0
	Major (requiring I/O) page faults: 0
	Minor (reclaiming a frame) page faults: 29206
	Voluntary context switches: 398870
	Involuntary context switches: 1996
	Swaps: 0
	File system inputs: 0
	File system outputs: 0
	Socket messages sent: 0
	Socket messages received: 0
	Signals delivered: 0
	Page size (bytes): 4096
	Exit status: 0
