===== ETH-USD 2026-08-26 (multi-partition, trade_time-defined day) =====
Source partitions required and present: ['2026-08-25', '2026-08-26', '2026-08-27']
Pass 1: counting in-range target-instrument rows across all 3 partitions...
  Pass 1 [2026-08-25]: 3000/10864 files scanned
  Pass 1 [2026-08-25]: 6000/10864 files scanned
  Pass 1 [2026-08-25]: 9000/10864 files scanned
  Pass 1 [2026-08-25] complete: target_instrument_rows=456399, in_range_rows=0
  Pass 1 [2026-08-26]: 3000/3483 files scanned
  Pass 1 [2026-08-26] complete: target_instrument_rows=80028, in_range_rows=80028
  Pass 1 [2026-08-27]: 3000/8791 files scanned
  Pass 1 [2026-08-27]: 6000/8791 files scanned
  Pass 1 [2026-08-27] complete: target_instrument_rows=330359, in_range_rows=12
Pass 1 complete: total in-range N=80040
  [RSS checkpoint: after_pass1_counting] 124.6 MiB (high-water mark)
Pass 2: preallocating arrays and loading across all 3 partitions...
  [RSS checkpoint: after_preallocation (virtual reservation; see docstring)] 124.6 MiB (high-water mark)
  Pass 2 [2026-08-25] complete, running offset=0
  Pass 2 [2026-08-26]: 3000/3483 files processed, offset=68260
  Pass 2 [2026-08-26] complete, running offset=80028
  Pass 2 [2026-08-27] complete, running offset=80040
Pass 2 complete: loaded 80040 rows
  [RSS checkpoint: after_loading] 128.9 MiB (high-water mark)
Validating day integrity (finite/positive values, UTC in-range invariant)...
Integrity validation passed.
Sorting by (trade_time, trade_id)...
  [RSS checkpoint: before_sort] 128.9 MiB (high-water mark)
  [RSS checkpoint: after_order_created] 128.9 MiB (high-water mark)
  [RSS checkpoint: after_sorted_arrays] 128.9 MiB (high-water mark)
Sort validated.
Running kernel (compute_screen)...
Kernel complete: 4002 sampled observations
  [RSS checkpoint: after_compute_screen] 128.9 MiB (high-water mark)
Summarizing per-horizon comparative deciles...
  Horizon 5s: n=3911 imbalance_D9-D0_bp=0.6107184874633882 momentum_D9-D0_bp=0.4775626404366216
  Horizon 15s: n=3998 imbalance_D9-D0_bp=0.6651830018635535 momentum_D9-D0_bp=-0.44394143242678136
  Horizon 30s: n=3999 imbalance_D9-D0_bp=0.7559465150657003 momentum_D9-D0_bp=-0.6417639872392896
  Horizon 60s: n=3999 imbalance_D9-D0_bp=0.7447120391606413 momentum_D9-D0_bp=-0.43736460923324283
  [RSS checkpoint: after_summarization] 128.9 MiB (high-water mark)

COMPLETE (274.7s). Result written to /tmp/expanded_screen_results/ETH-USD_2026-08-26.json
	Command being timed: "/mnt/lrs001/liquid-research-l0l4/venv/bin/python3 -m L1_CORE.market_data_platform.research.run_trade_flow_vs_momentum_screen --instrument ETH-USD --date 2026-08-26 --output-dir /tmp/expanded_screen_results"
	User time (seconds): 334.48
	System time (seconds): 23.06
	Percent of CPU this job got: 129%
	Elapsed (wall clock) time (h:mm:ss or m:ss): 4:36.62
	Average shared text size (kbytes): 0
	Average unshared data size (kbytes): 0
	Average stack size (kbytes): 0
	Average total size (kbytes): 0
	Maximum resident set size (kbytes): 132000
	Average resident set size (kbytes): 0
	Major (requiring I/O) page faults: 13
	Minor (reclaiming a frame) page faults: 22768
	Voluntary context switches: 360176
	Involuntary context switches: 1662
	Swaps: 0
	File system inputs: 2328
	File system outputs: 0
	Socket messages sent: 0
	Socket messages received: 0
	Signals delivered: 0
	Page size (bytes): 4096
	Exit status: 0
