===== ETH-USD 2026-08-08 (multi-partition, trade_time-defined day) =====
Source partitions required and present: ['2026-08-07', '2026-08-08', '2026-08-09']
Pass 1: counting in-range target-instrument rows across all 3 partitions...
  Pass 1 [2026-08-07]: 3000/8495 files scanned
  Pass 1 [2026-08-07]: 6000/8495 files scanned
  Pass 1 [2026-08-07] complete: target_instrument_rows=226985, in_range_rows=0
  Pass 1 [2026-08-08]: 3000/8068 files scanned
  Pass 1 [2026-08-08]: 6000/8068 files scanned
  Pass 1 [2026-08-08] complete: target_instrument_rows=93059, in_range_rows=93059
  Pass 1 [2026-08-09]: 3000/8099 files scanned
  Pass 1 [2026-08-09]: 6000/8099 files scanned
  Pass 1 [2026-08-09] complete: target_instrument_rows=100676, in_range_rows=2
Pass 1 complete: total in-range N=93061
  [RSS checkpoint: after_pass1_counting] 126.7 MiB (high-water mark)
Pass 2: preallocating arrays and loading across all 3 partitions...
  [RSS checkpoint: after_preallocation (virtual reservation; see docstring)] 126.7 MiB (high-water mark)
  Pass 2 [2026-08-07] complete, running offset=0
  Pass 2 [2026-08-08]: 3000/8068 files processed, offset=33742
  Pass 2 [2026-08-08]: 6000/8068 files processed, offset=69748
  Pass 2 [2026-08-08] complete, running offset=93059
  Pass 2 [2026-08-09] complete, running offset=93061
Pass 2 complete: loaded 93061 rows
  [RSS checkpoint: after_loading] 131.2 MiB (high-water mark)
Validating day integrity (finite/positive values, UTC in-range invariant)...
Integrity validation passed.
Sorting by (trade_time, trade_id)...
  [RSS checkpoint: before_sort] 131.2 MiB (high-water mark)
  [RSS checkpoint: after_order_created] 131.2 MiB (high-water mark)
  [RSS checkpoint: after_sorted_arrays] 131.2 MiB (high-water mark)
Sort validated.
Running kernel (compute_screen)...
Kernel complete: 4653 sampled observations
  [RSS checkpoint: after_compute_screen] 132.1 MiB (high-water mark)
Summarizing per-horizon comparative deciles...
  Horizon 5s: n=4353 imbalance_D9-D0_bp=0.5213598968025965 momentum_D9-D0_bp=0.4492992065849416
  Horizon 15s: n=4635 imbalance_D9-D0_bp=0.6081061102060458 momentum_D9-D0_bp=0.8824918376230418
  Horizon 30s: n=4650 imbalance_D9-D0_bp=0.6878888872670027 momentum_D9-D0_bp=0.3621595089893333
  Horizon 60s: n=4650 imbalance_D9-D0_bp=0.6278734719026877 momentum_D9-D0_bp=-0.003827642685245391
  [RSS checkpoint: after_summarization] 132.1 MiB (high-water mark)

COMPLETE (328.9s). Result written to /tmp/expanded_screen_results/ETH-USD_2026-08-08.json
	Command being timed: "/mnt/lrs001/liquid-research-l0l4/venv/bin/python3 -m L1_CORE.market_data_platform.research.run_trade_flow_vs_momentum_screen --instrument ETH-USD --date 2026-08-08 --output-dir /tmp/expanded_screen_results"
	User time (seconds): 364.70
	System time (seconds): 33.51
	Percent of CPU this job got: 120%
	Elapsed (wall clock) time (h:mm:ss or m:ss): 5:30.68
	Average shared text size (kbytes): 0
	Average unshared data size (kbytes): 0
	Average stack size (kbytes): 0
	Average total size (kbytes): 0
	Maximum resident set size (kbytes): 135312
	Average resident set size (kbytes): 0
	Major (requiring I/O) page faults: 0
	Minor (reclaiming a frame) page faults: 22419
	Voluntary context switches: 430645
	Involuntary context switches: 1321
	Swaps: 0
	File system inputs: 485256
	File system outputs: 0
	Socket messages sent: 0
	Socket messages received: 0
	Signals delivered: 0
	Page size (bytes): 4096
	Exit status: 0
