===== ETH-USD 2026-08-30 (multi-partition, trade_time-defined day) =====
Source partitions required and present: ['2026-08-29', '2026-08-30', '2026-08-31']
Pass 1: counting in-range target-instrument rows across all 3 partitions...
  Pass 1 [2026-08-29]: 3000/8433 files scanned
  Pass 1 [2026-08-29]: 6000/8433 files scanned
  Pass 1 [2026-08-29] complete: target_instrument_rows=107753, in_range_rows=0
  Pass 1 [2026-08-30]: 3000/8437 files scanned
  Pass 1 [2026-08-30]: 6000/8437 files scanned
  Pass 1 [2026-08-30] complete: target_instrument_rows=165001, in_range_rows=165001
  Pass 1 [2026-08-31] complete: target_instrument_rows=45442, in_range_rows=1
Pass 1 complete: total in-range N=165002
  [RSS checkpoint: after_pass1_counting] 126.9 MiB (high-water mark)
Pass 2: preallocating arrays and loading across all 3 partitions...
  [RSS checkpoint: after_preallocation (virtual reservation; see docstring)] 126.9 MiB (high-water mark)
  Pass 2 [2026-08-29] complete, running offset=0
  Pass 2 [2026-08-30]: 3000/8437 files processed, offset=58810
  Pass 2 [2026-08-30]: 6000/8437 files processed, offset=118586
  Pass 2 [2026-08-30] complete, running offset=165001
  Pass 2 [2026-08-31] complete, running offset=165002
Pass 2 complete: loaded 165002 rows
  [RSS checkpoint: after_loading] 133.6 MiB (high-water mark)
Validating day integrity (finite/positive values, UTC in-range invariant)...
Integrity validation passed.
Sorting by (trade_time, trade_id)...
  [RSS checkpoint: before_sort] 133.6 MiB (high-water mark)
  [RSS checkpoint: after_order_created] 133.6 MiB (high-water mark)
  [RSS checkpoint: after_sorted_arrays] 133.8 MiB (high-water mark)
Sort validated.
Running kernel (compute_screen)...
Kernel complete: 8250 sampled observations
  [RSS checkpoint: after_compute_screen] 134.8 MiB (high-water mark)
Summarizing per-horizon comparative deciles...
  Horizon 5s: n=8032 imbalance_D9-D0_bp=1.682971365965239 momentum_D9-D0_bp=2.2742053635625377
  Horizon 15s: n=8246 imbalance_D9-D0_bp=1.6623113258266937 momentum_D9-D0_bp=2.2043514702515488
  Horizon 30s: n=8249 imbalance_D9-D0_bp=1.490268637027091 momentum_D9-D0_bp=2.6970663517236586
  Horizon 60s: n=8249 imbalance_D9-D0_bp=1.3237192110486247 momentum_D9-D0_bp=2.8458562645250822
  [RSS checkpoint: after_summarization] 134.8 MiB (high-water mark)

COMPLETE (230.3s). Result written to /tmp/expanded_screen_results/ETH-USD_2026-08-30.json
	Command being timed: "/mnt/lrs001/liquid-research-l0l4/venv/bin/python3 -m L1_CORE.market_data_platform.research.run_trade_flow_vs_momentum_screen --instrument ETH-USD --date 2026-08-30 --output-dir /tmp/expanded_screen_results"
	User time (seconds): 278.63
	System time (seconds): 18.17
	Percent of CPU this job got: 127%
	Elapsed (wall clock) time (h:mm:ss or m:ss): 3:52.10
	Average shared text size (kbytes): 0
	Average unshared data size (kbytes): 0
	Average stack size (kbytes): 0
	Average total size (kbytes): 0
	Maximum resident set size (kbytes): 138028
	Average resident set size (kbytes): 0
	Major (requiring I/O) page faults: 0
	Minor (reclaiming a frame) page faults: 27044
	Voluntary context switches: 288547
	Involuntary context switches: 1693
	Swaps: 0
	File system inputs: 16
	File system outputs: 0
	Socket messages sent: 0
	Socket messages received: 0
	Signals delivered: 0
	Page size (bytes): 4096
	Exit status: 0
