===== ETH-USD 2026-08-06 (multi-partition, trade_time-defined day) =====
Source partitions required and present: ['2026-08-05', '2026-08-06', '2026-08-07']
Pass 1: counting in-range target-instrument rows across all 3 partitions...
  Pass 1 [2026-08-05]: 3000/8516 files scanned
  Pass 1 [2026-08-05]: 6000/8516 files scanned
  Pass 1 [2026-08-05] complete: target_instrument_rows=235220, in_range_rows=0
  Pass 1 [2026-08-06]: 3000/8313 files scanned
  Pass 1 [2026-08-06]: 6000/8313 files scanned
  Pass 1 [2026-08-06] complete: target_instrument_rows=209383, in_range_rows=209383
  Pass 1 [2026-08-07]: 3000/8495 files scanned
  Pass 1 [2026-08-07]: 6000/8495 files scanned
  Pass 1 [2026-08-07] complete: target_instrument_rows=226985, in_range_rows=0
Pass 1 complete: total in-range N=209383
  [RSS checkpoint: after_pass1_counting] 126.7 MiB (high-water mark)
Pass 2: preallocating arrays and loading across all 3 partitions...
  [RSS checkpoint: after_preallocation (virtual reservation; see docstring)] 126.7 MiB (high-water mark)
  Pass 2 [2026-08-05] complete, running offset=0
  Pass 2 [2026-08-06]: 3000/8313 files processed, offset=75085
  Pass 2 [2026-08-06]: 6000/8313 files processed, offset=151685
  Pass 2 [2026-08-06] complete, running offset=209383
  Pass 2 [2026-08-07] complete, running offset=209383
Pass 2 complete: loaded 209383 rows
  [RSS checkpoint: after_loading] 135.7 MiB (high-water mark)
Validating day integrity (finite/positive values, UTC in-range invariant)...
Integrity validation passed.
Sorting by (trade_time, trade_id)...
  [RSS checkpoint: before_sort] 135.7 MiB (high-water mark)
  [RSS checkpoint: after_order_created] 135.7 MiB (high-water mark)
  [RSS checkpoint: after_sorted_arrays] 135.7 MiB (high-water mark)
Sort validated.
Running kernel (compute_screen)...
Kernel complete: 10469 sampled observations
  [RSS checkpoint: after_compute_screen] 135.7 MiB (high-water mark)
Summarizing per-horizon comparative deciles...
  Horizon 5s: n=10243 imbalance_D9-D0_bp=0.7948424339501022 momentum_D9-D0_bp=0.16512179081093767
  Horizon 15s: n=10463 imbalance_D9-D0_bp=0.943815565057733 momentum_D9-D0_bp=-0.040527274120156984
  Horizon 30s: n=10467 imbalance_D9-D0_bp=0.9271067866052787 momentum_D9-D0_bp=-0.8485783780956004
  Horizon 60s: n=10467 imbalance_D9-D0_bp=1.0307298281207105 momentum_D9-D0_bp=-1.1892054018061782
  [RSS checkpoint: after_summarization] 135.7 MiB (high-water mark)

COMPLETE (327.3s). Result written to /tmp/expanded_screen_results/ETH-USD_2026-08-06.json
	Command being timed: "/mnt/lrs001/liquid-research-l0l4/venv/bin/python3 -m L1_CORE.market_data_platform.research.run_trade_flow_vs_momentum_screen --instrument ETH-USD --date 2026-08-06 --output-dir /tmp/expanded_screen_results"
	User time (seconds): 376.01
	System time (seconds): 29.76
	Percent of CPU this job got: 123%
	Elapsed (wall clock) time (h:mm:ss or m:ss): 5:29.20
	Average shared text size (kbytes): 0
	Average unshared data size (kbytes): 0
	Average stack size (kbytes): 0
	Average total size (kbytes): 0
	Maximum resident set size (kbytes): 138972
	Average resident set size (kbytes): 0
	Major (requiring I/O) page faults: 0
	Minor (reclaiming a frame) page faults: 29137
	Voluntary context switches: 420557
	Involuntary context switches: 1647
	Swaps: 0
	File system inputs: 303016
	File system outputs: 0
	Socket messages sent: 0
	Socket messages received: 0
	Signals delivered: 0
	Page size (bytes): 4096
	Exit status: 0
