===== ETH-USD 2026-08-09 (multi-partition, trade_time-defined day) =====
Source partitions required and present: ['2026-08-08', '2026-08-09', '2026-08-10']
Pass 1: counting in-range target-instrument rows across all 3 partitions...
  Pass 1 [2026-08-08]: 3000/8068 files scanned
  Pass 1 [2026-08-08]: 6000/8068 files scanned
  Pass 1 [2026-08-08] complete: target_instrument_rows=93059, in_range_rows=0
  Pass 1 [2026-08-09]: 3000/8099 files scanned
  Pass 1 [2026-08-09]: 6000/8099 files scanned
  Pass 1 [2026-08-09] complete: target_instrument_rows=100676, in_range_rows=100674
  Pass 1 [2026-08-10]: 3000/8396 files scanned
  Pass 1 [2026-08-10]: 6000/8396 files scanned
  Pass 1 [2026-08-10] complete: target_instrument_rows=222687, in_range_rows=18
Pass 1 complete: total in-range N=100692
  [RSS checkpoint: after_pass1_counting] 126.5 MiB (high-water mark)
Pass 2: preallocating arrays and loading across all 3 partitions...
  [RSS checkpoint: after_preallocation (virtual reservation; see docstring)] 126.5 MiB (high-water mark)
  Pass 2 [2026-08-08] complete, running offset=0
  Pass 2 [2026-08-09]: 3000/8099 files processed, offset=37516
  Pass 2 [2026-08-09]: 6000/8099 files processed, offset=74224
  Pass 2 [2026-08-09] complete, running offset=100674
  Pass 2 [2026-08-10] complete, running offset=100692
Pass 2 complete: loaded 100692 rows
  [RSS checkpoint: after_loading] 131.5 MiB (high-water mark)
Validating day integrity (finite/positive values, UTC in-range invariant)...
Integrity validation passed.
Sorting by (trade_time, trade_id)...
  [RSS checkpoint: before_sort] 131.5 MiB (high-water mark)
  [RSS checkpoint: after_order_created] 131.5 MiB (high-water mark)
  [RSS checkpoint: after_sorted_arrays] 131.5 MiB (high-water mark)
Sort validated.
Running kernel (compute_screen)...
Kernel complete: 5034 sampled observations
  [RSS checkpoint: after_compute_screen] 131.5 MiB (high-water mark)
Summarizing per-horizon comparative deciles...
  Horizon 5s: n=4727 imbalance_D9-D0_bp=0.746192863928916 momentum_D9-D0_bp=1.7545840091649094
  Horizon 15s: n=5018 imbalance_D9-D0_bp=0.9126889955961083 momentum_D9-D0_bp=1.5542361920515282
  Horizon 30s: n=5033 imbalance_D9-D0_bp=0.8134787486762125 momentum_D9-D0_bp=0.45512803065801677
  Horizon 60s: n=5033 imbalance_D9-D0_bp=0.9091599423564312 momentum_D9-D0_bp=1.7399466965341193
  [RSS checkpoint: after_summarization] 131.5 MiB (high-water mark)

COMPLETE (328.2s). Result written to /tmp/expanded_screen_results/ETH-USD_2026-08-09.json
	Command being timed: "/mnt/lrs001/liquid-research-l0l4/venv/bin/python3 -m L1_CORE.market_data_platform.research.run_trade_flow_vs_momentum_screen --instrument ETH-USD --date 2026-08-09 --output-dir /tmp/expanded_screen_results"
	User time (seconds): 364.80
	System time (seconds): 32.57
	Percent of CPU this job got: 120%
	Elapsed (wall clock) time (h:mm:ss or m:ss): 5:30.07
	Average shared text size (kbytes): 0
	Average unshared data size (kbytes): 0
	Average stack size (kbytes): 0
	Average total size (kbytes): 0
	Maximum resident set size (kbytes): 134656
	Average resident set size (kbytes): 0
	Major (requiring I/O) page faults: 0
	Minor (reclaiming a frame) page faults: 22803
	Voluntary context switches: 427408
	Involuntary context switches: 1432
	Swaps: 0
	File system inputs: 478920
	File system outputs: 0
	Socket messages sent: 0
	Socket messages received: 0
	Signals delivered: 0
	Page size (bytes): 4096
	Exit status: 0
